<?xml version="1.0" encoding="ISO-8859-1" ?>
<link_info>
   <banner>TI ARM Linker PC v20.2.6.LTS</banner>
   <copyright>Copyright (c) 1996-2018 Texas Instruments Incorporated</copyright>
   <link_time>0x625b5b87</link_time>
   <link_errors>0x0</link_errors>
   <output_file>gpiointerrupt_CC3220S_LAUNCHXL_nortos_ccs.out</output_file>
   <entry_point>
      <name>resetISR</name>
      <address>0x200121d5</address>
   </entry_point>
   <input_file_list>
      <input_file id="fl-2">
         <path>.\</path>
         <kind>object</kind>
         <file>gpiointerrupt.obj</file>
         <name>gpiointerrupt.obj</name>
      </input_file>
      <input_file id="fl-3">
         <path>.\syscfg\</path>
         <kind>object</kind>
         <file>ti_drivers_config.obj</file>
         <name>ti_drivers_config.obj</name>
      </input_file>
      <input_file id="fl-4">
         <path>.\</path>
         <kind>object</kind>
         <file>main_nortos.obj</file>
         <name>main_nortos.obj</name>
      </input_file>
      <input_file id="fl-d">
         <kind>object</kind>
         <file>&lt;internal&gt;</file>
         <name>&lt;internal&gt;</name>
      </input_file>
      <input_file id="fl-e">
         <path>C:\ti\simplelink_cc32xx_sdk_4_30_00_06\source\ti\drivers\lib\ccs\m4\</path>
         <kind>archive</kind>
         <file>drivers_cc32xx.a</file>
         <name>I2C.oem4</name>
      </input_file>
      <input_file id="fl-f">
         <path>C:\ti\simplelink_cc32xx_sdk_4_30_00_06\source\ti\drivers\lib\ccs\m4\</path>
         <kind>archive</kind>
         <file>drivers_cc32xx.a</file>
         <name>Timer.oem4</name>
      </input_file>
      <input_file id="fl-10">
         <path>C:\ti\simplelink_cc32xx_sdk_4_30_00_06\source\ti\drivers\lib\ccs\m4\</path>
         <kind>archive</kind>
         <file>drivers_cc32xx.a</file>
         <name>UART.oem4</name>
      </input_file>
      <input_file id="fl-11">
         <path>C:\ti\simplelink_cc32xx_sdk_4_30_00_06\source\ti\drivers\lib\ccs\m4\</path>
         <kind>archive</kind>
         <file>drivers_cc32xx.a</file>
         <name>GPIOCC32XX.oem4</name>
      </input_file>
      <input_file id="fl-12">
         <path>C:\ti\simplelink_cc32xx_sdk_4_30_00_06\source\ti\drivers\lib\ccs\m4\</path>
         <kind>archive</kind>
         <file>drivers_cc32xx.a</file>
         <name>I2CCC32XX.oem4</name>
      </input_file>
      <input_file id="fl-13">
         <path>C:\ti\simplelink_cc32xx_sdk_4_30_00_06\source\ti\drivers\lib\ccs\m4\</path>
         <kind>archive</kind>
         <file>drivers_cc32xx.a</file>
         <name>PowerCC32XX.oem4</name>
      </input_file>
      <input_file id="fl-14">
         <path>C:\ti\simplelink_cc32xx_sdk_4_30_00_06\source\ti\drivers\lib\ccs\m4\</path>
         <kind>archive</kind>
         <file>drivers_cc32xx.a</file>
         <name>PowerCC32XX_asm.oem4</name>
      </input_file>
      <input_file id="fl-15">
         <path>C:\ti\simplelink_cc32xx_sdk_4_30_00_06\source\ti\drivers\lib\ccs\m4\</path>
         <kind>archive</kind>
         <file>drivers_cc32xx.a</file>
         <name>TimerCC32XX.oem4</name>
      </input_file>
      <input_file id="fl-16">
         <path>C:\ti\simplelink_cc32xx_sdk_4_30_00_06\source\ti\drivers\lib\ccs\m4\</path>
         <kind>archive</kind>
         <file>drivers_cc32xx.a</file>
         <name>UARTCC32XX.oem4</name>
      </input_file>
      <input_file id="fl-17">
         <path>C:\ti\simplelink_cc32xx_sdk_4_30_00_06\source\ti\drivers\lib\ccs\m4\</path>
         <kind>archive</kind>
         <file>drivers_cc32xx.a</file>
         <name>List.oem4</name>
      </input_file>
      <input_file id="fl-18">
         <path>C:\ti\simplelink_cc32xx_sdk_4_30_00_06\source\ti\drivers\lib\ccs\m4\</path>
         <kind>archive</kind>
         <file>drivers_cc32xx.a</file>
         <name>RingBuf.oem4</name>
      </input_file>
      <input_file id="fl-19">
         <path>C:\ti\simplelink_cc32xx_sdk_4_30_00_06\kernel\nortos\lib\ccs\m4\</path>
         <kind>archive</kind>
         <file>nortos_cc32xx.a</file>
         <name>NoRTOS.oem4</name>
      </input_file>
      <input_file id="fl-1a">
         <path>C:\ti\simplelink_cc32xx_sdk_4_30_00_06\kernel\nortos\lib\ccs\m4\</path>
         <kind>archive</kind>
         <file>nortos_cc32xx.a</file>
         <name>SemaphoreP_nortos.oem4</name>
      </input_file>
      <input_file id="fl-1b">
         <path>C:\ti\simplelink_cc32xx_sdk_4_30_00_06\kernel\nortos\lib\ccs\m4\</path>
         <kind>archive</kind>
         <file>nortos_cc32xx.a</file>
         <name>ClockPSysTick_nortos.oem4</name>
      </input_file>
      <input_file id="fl-1c">
         <path>C:\ti\simplelink_cc32xx_sdk_4_30_00_06\kernel\nortos\lib\ccs\m4\</path>
         <kind>archive</kind>
         <file>nortos_cc32xx.a</file>
         <name>HwiPCC32XX_nortos.oem4</name>
      </input_file>
      <input_file id="fl-1d">
         <path>C:\ti\simplelink_cc32xx_sdk_4_30_00_06\kernel\nortos\lib\ccs\m4\</path>
         <kind>archive</kind>
         <file>nortos_cc32xx.a</file>
         <name>PowerCC32XX_nortos.oem4</name>
      </input_file>
      <input_file id="fl-1e">
         <path>C:\ti\simplelink_cc32xx_sdk_4_30_00_06\kernel\nortos\lib\ccs\m4\</path>
         <kind>archive</kind>
         <file>nortos_cc32xx.a</file>
         <name>startup_cc32xx_ccs.oem4</name>
      </input_file>
      <input_file id="fl-1f">
         <path>C:\ti\simplelink_cc32xx_sdk_4_30_00_06\kernel\nortos\lib\ccs\m4\</path>
         <kind>archive</kind>
         <file>nortos_cc32xx.a</file>
         <name>SwiP_nortos.oem4</name>
      </input_file>
      <input_file id="fl-20">
         <path>C:\ti\simplelink_cc32xx_sdk_4_30_00_06\kernel\nortos\lib\ccs\m4\</path>
         <kind>archive</kind>
         <file>nortos_cc32xx.a</file>
         <name>QueueP_nortos.oem4</name>
      </input_file>
      <input_file id="fl-21">
         <path>C:\ti\simplelink_cc32xx_sdk_4_30_00_06\source\ti\devices\cc32xx\driverlib\ccs\Release\</path>
         <kind>archive</kind>
         <file>driverlib.a</file>
         <name>cpu.obj</name>
      </input_file>
      <input_file id="fl-22">
         <path>C:\ti\simplelink_cc32xx_sdk_4_30_00_06\source\ti\devices\cc32xx\driverlib\ccs\Release\</path>
         <kind>archive</kind>
         <file>driverlib.a</file>
         <name>i2c.obj</name>
      </input_file>
      <input_file id="fl-23">
         <path>C:\ti\simplelink_cc32xx_sdk_4_30_00_06\source\ti\devices\cc32xx\driverlib\ccs\Release\</path>
         <kind>archive</kind>
         <file>driverlib.a</file>
         <name>interrupt.obj</name>
      </input_file>
      <input_file id="fl-24">
         <path>C:\ti\simplelink_cc32xx_sdk_4_30_00_06\source\ti\devices\cc32xx\driverlib\ccs\Release\</path>
         <kind>archive</kind>
         <file>driverlib.a</file>
         <name>pin.obj</name>
      </input_file>
      <input_file id="fl-25">
         <path>C:\ti\simplelink_cc32xx_sdk_4_30_00_06\source\ti\devices\cc32xx\driverlib\ccs\Release\</path>
         <kind>archive</kind>
         <file>driverlib.a</file>
         <name>prcm.obj</name>
      </input_file>
      <input_file id="fl-26">
         <path>C:\ti\simplelink_cc32xx_sdk_4_30_00_06\source\ti\devices\cc32xx\driverlib\ccs\Release\</path>
         <kind>archive</kind>
         <file>driverlib.a</file>
         <name>timer.obj</name>
      </input_file>
      <input_file id="fl-27">
         <path>C:\ti\simplelink_cc32xx_sdk_4_30_00_06\source\ti\devices\cc32xx\driverlib\ccs\Release\</path>
         <kind>archive</kind>
         <file>driverlib.a</file>
         <name>uart.obj</name>
      </input_file>
      <input_file id="fl-28">
         <path>C:\ti\simplelink_cc32xx_sdk_4_30_00_06\source\ti\devices\cc32xx\driverlib\ccs\Release\</path>
         <kind>archive</kind>
         <file>driverlib.a</file>
         <name>utils.obj</name>
      </input_file>
      <input_file id="fl-29">
         <path>C:\ti\simplelink_cc32xx_sdk_4_30_00_06\source\ti\devices\cc32xx\driverlib\ccs\Release\</path>
         <kind>archive</kind>
         <file>driverlib.a</file>
         <name>flash.obj</name>
      </input_file>
      <input_file id="fl-df">
         <path>C:\ti\ccs1110\ccs\tools\compiler\ti-cgt-arm_20.2.6.LTS\lib\</path>
         <kind>archive</kind>
         <file>rtsv7M4_T_le_eabi.lib</file>
         <name>snprintf.c.obj</name>
      </input_file>
      <input_file id="fl-e0">
         <path>C:\ti\ccs1110\ccs\tools\compiler\ti-cgt-arm_20.2.6.LTS\lib\</path>
         <kind>archive</kind>
         <file>rtsv7M4_T_le_eabi.lib</file>
         <name>fs_mul_t2.asm.obj</name>
      </input_file>
      <input_file id="fl-e1">
         <path>C:\ti\ccs1110\ccs\tools\compiler\ti-cgt-arm_20.2.6.LTS\lib\</path>
         <kind>archive</kind>
         <file>rtsv7M4_T_le_eabi.lib</file>
         <name>fs_toi_t2.asm.obj</name>
      </input_file>
      <input_file id="fl-e2">
         <path>C:\ti\ccs1110\ccs\tools\compiler\ti-cgt-arm_20.2.6.LTS\lib\</path>
         <kind>archive</kind>
         <file>rtsv7M4_T_le_eabi.lib</file>
         <name>i_tofs_t2.asm.obj</name>
      </input_file>
      <input_file id="fl-e3">
         <path>C:\ti\ccs1110\ccs\tools\compiler\ti-cgt-arm_20.2.6.LTS\lib\</path>
         <kind>archive</kind>
         <file>rtsv7M4_T_le_eabi.lib</file>
         <name>ll_mul_t2.asm.obj</name>
      </input_file>
      <input_file id="fl-e4">
         <path>C:\ti\ccs1110\ccs\tools\compiler\ti-cgt-arm_20.2.6.LTS\lib\</path>
         <kind>archive</kind>
         <file>rtsv7M4_T_le_eabi.lib</file>
         <name>memcpy_t2.asm.obj</name>
      </input_file>
      <input_file id="fl-e5">
         <path>C:\ti\ccs1110\ccs\tools\compiler\ti-cgt-arm_20.2.6.LTS\lib\</path>
         <kind>archive</kind>
         <file>rtsv7M4_T_le_eabi.lib</file>
         <name>ull_div_t2.asm.obj</name>
      </input_file>
      <input_file id="fl-e6">
         <path>C:\ti\ccs1110\ccs\tools\compiler\ti-cgt-arm_20.2.6.LTS\lib\</path>
         <kind>archive</kind>
         <file>rtsv7M4_T_le_eabi.lib</file>
         <name>copy_zero_init.c.obj</name>
      </input_file>
      <input_file id="fl-e7">
         <path>C:\ti\ccs1110\ccs\tools\compiler\ti-cgt-arm_20.2.6.LTS\lib\</path>
         <kind>archive</kind>
         <file>rtsv7M4_T_le_eabi.lib</file>
         <name>copy_decompress_none.c.obj</name>
      </input_file>
      <input_file id="fl-e8">
         <path>C:\ti\ccs1110\ccs\tools\compiler\ti-cgt-arm_20.2.6.LTS\lib\</path>
         <kind>archive</kind>
         <file>rtsv7M4_T_le_eabi.lib</file>
         <name>copy_decompress_lzss.c.obj</name>
      </input_file>
      <input_file id="fl-e9">
         <path>C:\ti\ccs1110\ccs\tools\compiler\ti-cgt-arm_20.2.6.LTS\lib\</path>
         <kind>archive</kind>
         <file>rtsv7M4_T_le_eabi.lib</file>
         <name>memory.c.obj</name>
      </input_file>
      <input_file id="fl-ea">
         <path>C:\ti\ccs1110\ccs\tools\compiler\ti-cgt-arm_20.2.6.LTS\lib\</path>
         <kind>archive</kind>
         <file>rtsv7M4_T_le_eabi.lib</file>
         <name>boot_cortex_m.c.obj</name>
      </input_file>
      <input_file id="fl-eb">
         <path>C:\ti\ccs1110\ccs\tools\compiler\ti-cgt-arm_20.2.6.LTS\lib\</path>
         <kind>archive</kind>
         <file>rtsv7M4_T_le_eabi.lib</file>
         <name>_printfi.c.obj</name>
      </input_file>
      <input_file id="fl-ec">
         <path>C:\ti\ccs1110\ccs\tools\compiler\ti-cgt-arm_20.2.6.LTS\lib\</path>
         <kind>archive</kind>
         <file>rtsv7M4_T_le_eabi.lib</file>
         <name>div0.asm.obj</name>
      </input_file>
      <input_file id="fl-ed">
         <path>C:\ti\ccs1110\ccs\tools\compiler\ti-cgt-arm_20.2.6.LTS\lib\</path>
         <kind>archive</kind>
         <file>rtsv7M4_T_le_eabi.lib</file>
         <name>fd_add_t2.asm.obj</name>
      </input_file>
      <input_file id="fl-ee">
         <path>C:\ti\ccs1110\ccs\tools\compiler\ti-cgt-arm_20.2.6.LTS\lib\</path>
         <kind>archive</kind>
         <file>rtsv7M4_T_le_eabi.lib</file>
         <name>fd_cmp_t2.asm.obj</name>
      </input_file>
      <input_file id="fl-ef">
         <path>C:\ti\ccs1110\ccs\tools\compiler\ti-cgt-arm_20.2.6.LTS\lib\</path>
         <kind>archive</kind>
         <file>rtsv7M4_T_le_eabi.lib</file>
         <name>fd_div_t2.asm.obj</name>
      </input_file>
      <input_file id="fl-f0">
         <path>C:\ti\ccs1110\ccs\tools\compiler\ti-cgt-arm_20.2.6.LTS\lib\</path>
         <kind>archive</kind>
         <file>rtsv7M4_T_le_eabi.lib</file>
         <name>fd_mul_t2.asm.obj</name>
      </input_file>
      <input_file id="fl-f1">
         <path>C:\ti\ccs1110\ccs\tools\compiler\ti-cgt-arm_20.2.6.LTS\lib\</path>
         <kind>archive</kind>
         <file>rtsv7M4_T_le_eabi.lib</file>
         <name>fd_toi_t2.asm.obj</name>
      </input_file>
      <input_file id="fl-f2">
         <path>C:\ti\ccs1110\ccs\tools\compiler\ti-cgt-arm_20.2.6.LTS\lib\</path>
         <kind>archive</kind>
         <file>rtsv7M4_T_le_eabi.lib</file>
         <name>i_tofd_t2.asm.obj</name>
      </input_file>
      <input_file id="fl-f3">
         <path>C:\ti\ccs1110\ccs\tools\compiler\ti-cgt-arm_20.2.6.LTS\lib\</path>
         <kind>archive</kind>
         <file>rtsv7M4_T_le_eabi.lib</file>
         <name>memset_t2.asm.obj</name>
      </input_file>
      <input_file id="fl-f4">
         <path>C:\ti\ccs1110\ccs\tools\compiler\ti-cgt-arm_20.2.6.LTS\lib\</path>
         <kind>archive</kind>
         <file>rtsv7M4_T_le_eabi.lib</file>
         <name>autoinit.c.obj</name>
      </input_file>
      <input_file id="fl-f5">
         <path>C:\ti\ccs1110\ccs\tools\compiler\ti-cgt-arm_20.2.6.LTS\lib\</path>
         <kind>archive</kind>
         <file>rtsv7M4_T_le_eabi.lib</file>
         <name>pre_init.c.obj</name>
      </input_file>
      <input_file id="fl-f6">
         <path>C:\ti\ccs1110\ccs\tools\compiler\ti-cgt-arm_20.2.6.LTS\lib\</path>
         <kind>archive</kind>
         <file>rtsv7M4_T_le_eabi.lib</file>
         <name>cpy_tbl.c.obj</name>
      </input_file>
      <input_file id="fl-f7">
         <path>C:\ti\ccs1110\ccs\tools\compiler\ti-cgt-arm_20.2.6.LTS\lib\</path>
         <kind>archive</kind>
         <file>rtsv7M4_T_le_eabi.lib</file>
         <name>exit.c.obj</name>
      </input_file>
      <input_file id="fl-f8">
         <path>C:\ti\ccs1110\ccs\tools\compiler\ti-cgt-arm_20.2.6.LTS\lib\</path>
         <kind>archive</kind>
         <file>rtsv7M4_T_le_eabi.lib</file>
         <name>_lock.c.obj</name>
      </input_file>
      <input_file id="fl-f9">
         <path>C:\ti\ccs1110\ccs\tools\compiler\ti-cgt-arm_20.2.6.LTS\lib\</path>
         <kind>archive</kind>
         <file>rtsv7M4_T_le_eabi.lib</file>
         <name>_ltoa.c.obj</name>
      </input_file>
      <input_file id="fl-fa">
         <path>C:\ti\ccs1110\ccs\tools\compiler\ti-cgt-arm_20.2.6.LTS\lib\</path>
         <kind>archive</kind>
         <file>rtsv7M4_T_le_eabi.lib</file>
         <name>args_main.c.obj</name>
      </input_file>
      <input_file id="fl-fb">
         <path>C:\ti\ccs1110\ccs\tools\compiler\ti-cgt-arm_20.2.6.LTS\lib\</path>
         <kind>archive</kind>
         <file>rtsv7M4_T_le_eabi.lib</file>
         <name>atoi.c.obj</name>
      </input_file>
      <input_file id="fl-fc">
         <path>C:\ti\ccs1110\ccs\tools\compiler\ti-cgt-arm_20.2.6.LTS\lib\</path>
         <kind>archive</kind>
         <file>rtsv7M4_T_le_eabi.lib</file>
         <name>ctype.c.obj</name>
      </input_file>
      <input_file id="fl-fd">
         <path>C:\ti\ccs1110\ccs\tools\compiler\ti-cgt-arm_20.2.6.LTS\lib\</path>
         <kind>archive</kind>
         <file>rtsv7M4_T_le_eabi.lib</file>
         <name>memccpy.c.obj</name>
      </input_file>
      <input_file id="fl-fe">
         <path>C:\ti\ccs1110\ccs\tools\compiler\ti-cgt-arm_20.2.6.LTS\lib\</path>
         <kind>archive</kind>
         <file>rtsv7M4_T_le_eabi.lib</file>
         <name>strchr.c.obj</name>
      </input_file>
      <input_file id="fl-ff">
         <path>C:\ti\ccs1110\ccs\tools\compiler\ti-cgt-arm_20.2.6.LTS\lib\</path>
         <kind>archive</kind>
         <file>rtsv7M4_T_le_eabi.lib</file>
         <name>strlen.c.obj</name>
      </input_file>
      <input_file id="fl-100">
         <path>C:\ti\ccs1110\ccs\tools\compiler\ti-cgt-arm_20.2.6.LTS\lib\</path>
         <kind>archive</kind>
         <file>rtsv7M4_T_le_eabi.lib</file>
         <name>errno.c.obj</name>
      </input_file>
      <input_file id="fl-101">
         <path>C:\ti\ccs1110\ccs\tools\compiler\ti-cgt-arm_20.2.6.LTS\lib\</path>
         <kind>archive</kind>
         <file>rtsv7M4_T_le_eabi.lib</file>
         <name>s_frexp.c.obj</name>
      </input_file>
      <input_file id="fl-102">
         <path>C:\ti\ccs1110\ccs\tools\compiler\ti-cgt-arm_20.2.6.LTS\lib\</path>
         <kind>archive</kind>
         <file>rtsv7M4_T_le_eabi.lib</file>
         <name>s_scalbn.c.obj</name>
      </input_file>
      <input_file id="fl-103">
         <path>C:\ti\ccs1110\ccs\tools\compiler\ti-cgt-arm_20.2.6.LTS\lib\</path>
         <kind>archive</kind>
         <file>rtsv7M4_T_le_eabi.lib</file>
         <name>s_copysign.c.obj</name>
      </input_file>
      <input_file id="fl-104">
         <path>C:\ti\ccs1110\ccs\tools\compiler\ti-cgt-arm_20.2.6.LTS\lib\</path>
         <kind>archive</kind>
         <file>rtsv7M4_T_le_eabi.lib</file>
         <name>wcslen.c.obj</name>
      </input_file>
   </input_file_list>
   <object_component_list>
      <object_component id="oc-3b3">
         <name>.text:__TI_printfi</name>
         <load_address>0x2000c040</load_address>
         <run_address>0x2000c040</run_address>
         <size>0xa4e</size>
         <input_file_ref idref="fl-eb"/>
      </object_component>
      <object_component id="oc-1df">
         <name>.text:Board_initHook</name>
         <load_address>0x2000ca8e</load_address>
         <run_address>0x2000ca8e</run_address>
         <size>0x2</size>
         <input_file_ref idref="fl-3"/>
      </object_component>
      <object_component id="oc-1d3">
         <name>.text:PRCMCC3200MCUInit</name>
         <load_address>0x2000ca90</load_address>
         <run_address>0x2000ca90</run_address>
         <size>0x42c</size>
         <input_file_ref idref="fl-25"/>
      </object_component>
      <object_component id="oc-7b6">
         <name>.text:UARTCC32XX_open</name>
         <load_address>0x2000cebc</load_address>
         <run_address>0x2000cebc</run_address>
         <size>0x288</size>
         <input_file_ref idref="fl-16"/>
      </object_component>
      <object_component id="oc-53f">
         <name>.text:_pconv_a</name>
         <load_address>0x2000d144</load_address>
         <run_address>0x2000d144</run_address>
         <size>0x268</size>
         <input_file_ref idref="fl-eb"/>
      </object_component>
      <object_component id="oc-1f3">
         <name>.text:initI2C</name>
         <load_address>0x2000d3ac</load_address>
         <run_address>0x2000d3ac</run_address>
         <size>0x250</size>
         <input_file_ref idref="fl-2"/>
      </object_component>
      <object_component id="oc-1ff">
         <name>.text:GPIO_setConfig</name>
         <load_address>0x2000d5fc</load_address>
         <run_address>0x2000d5fc</run_address>
         <size>0x1e4</size>
         <input_file_ref idref="fl-11"/>
      </object_component>
      <object_component id="oc-52d">
         <name>.text:_pconv_g</name>
         <load_address>0x2000d7e0</load_address>
         <run_address>0x2000d7e0</run_address>
         <size>0x1cc</size>
         <input_file_ref idref="fl-eb"/>
      </object_component>
      <object_component id="oc-6e6">
         <name>.text</name>
         <load_address>0x2000d9ac</load_address>
         <run_address>0x2000d9ac</run_address>
         <size>0x1b6</size>
         <input_file_ref idref="fl-ed"/>
      </object_component>
      <object_component id="oc-328">
         <name>.text:I2C_init</name>
         <load_address>0x2000db62</load_address>
         <run_address>0x2000db62</run_address>
         <size>0x2</size>
         <input_file_ref idref="fl-e"/>
      </object_component>
      <object_component id="oc-41e">
         <name>.text:PowerCC32XX_sleepPolicy</name>
         <load_address>0x2000db64</load_address>
         <run_address>0x2000db64</run_address>
         <size>0x19c</size>
         <input_file_ref idref="fl-1d"/>
      </object_component>
      <object_component id="oc-15f">
         <name>.text:mainThread</name>
         <load_address>0x2000dd00</load_address>
         <run_address>0x2000dd00</run_address>
         <size>0x18c</size>
         <input_file_ref idref="fl-2"/>
      </object_component>
      <object_component id="oc-4ca">
         <name>.text:I2CCC32XX_hwiFxn</name>
         <load_address>0x2000de8c</load_address>
         <run_address>0x2000de8c</run_address>
         <size>0x148</size>
         <input_file_ref idref="fl-12"/>
      </object_component>
      <object_component id="oc-757">
         <name>.text:parkPins</name>
         <load_address>0x2000dfd4</load_address>
         <run_address>0x2000dfd4</run_address>
         <size>0x148</size>
         <input_file_ref idref="fl-13"/>
      </object_component>
      <object_component id="oc-539">
         <name>.text:_pconv_e</name>
         <load_address>0x2000e11c</load_address>
         <run_address>0x2000e11c</run_address>
         <size>0x13c</size>
         <input_file_ref idref="fl-eb"/>
      </object_component>
      <object_component id="oc-5bb">
         <name>.text:Power_sleep</name>
         <load_address>0x2000e258</load_address>
         <run_address>0x2000e258</run_address>
         <size>0x138</size>
         <input_file_ref idref="fl-13"/>
      </object_component>
      <object_component id="oc-6cc">
         <name>.text</name>
         <load_address>0x2000e390</load_address>
         <run_address>0x2000e390</run_address>
         <size>0x136</size>
         <input_file_ref idref="fl-ef"/>
      </object_component>
      <object_component id="oc-418">
         <name>.text:PowerCC32XX_initPolicy</name>
         <load_address>0x2000e4c6</load_address>
         <run_address>0x2000e4c6</run_address>
         <size>0x2</size>
         <input_file_ref idref="fl-1d"/>
      </object_component>
      <object_component id="oc-858">
         <name>.text:TimerCC32XX_open</name>
         <load_address>0x2000e4c8</load_address>
         <run_address>0x2000e4c8</run_address>
         <size>0x128</size>
         <input_file_ref idref="fl-15"/>
      </object_component>
      <object_component id="oc-4d8">
         <name>.text:I2C_transferTimeout</name>
         <load_address>0x2000e5f0</load_address>
         <run_address>0x2000e5f0</run_address>
         <size>0x122</size>
         <input_file_ref idref="fl-e"/>
      </object_component>
      <object_component id="oc-852">
         <name>.text:TimerCC32XX_init</name>
         <load_address>0x2000e712</load_address>
         <run_address>0x2000e712</run_address>
         <size>0x2</size>
         <input_file_ref idref="fl-15"/>
      </object_component>
      <object_component id="oc-7a4">
         <name>.text:UARTCC32XX_close</name>
         <load_address>0x2000e714</load_address>
         <run_address>0x2000e714</run_address>
         <size>0x120</size>
         <input_file_ref idref="fl-16"/>
      </object_component>
      <object_component id="oc-6f8">
         <name>.text:fcvt</name>
         <load_address>0x2000e834</load_address>
         <run_address>0x2000e834</run_address>
         <size>0x120</size>
         <input_file_ref idref="fl-eb"/>
      </object_component>
      <object_component id="oc-217">
         <name>.text:readTemp</name>
         <load_address>0x2000e954</load_address>
         <run_address>0x2000e954</run_address>
         <size>0x120</size>
         <input_file_ref idref="fl-2"/>
      </object_component>
      <object_component id="oc-6b7">
         <name>.text:aligned_alloc</name>
         <load_address>0x2000ea74</load_address>
         <run_address>0x2000ea74</run_address>
         <size>0x100</size>
         <input_file_ref idref="fl-e9"/>
      </object_component>
      <object_component id="oc-334">
         <name>.text:I2C_open</name>
         <load_address>0x2000eb74</load_address>
         <run_address>0x2000eb74</run_address>
         <size>0xfc</size>
         <input_file_ref idref="fl-12"/>
      </object_component>
      <object_component id="oc-6c7">
         <name>.text</name>
         <load_address>0x2000ec70</load_address>
         <run_address>0x2000ec70</run_address>
         <size>0xfc</size>
         <input_file_ref idref="fl-f0"/>
      </object_component>
      <object_component id="oc-7aa">
         <name>.text:UARTCC32XX_control</name>
         <load_address>0x2000ed6c</load_address>
         <run_address>0x2000ed6c</run_address>
         <size>0xf2</size>
         <input_file_ref idref="fl-16"/>
      </object_component>
      <object_component id="oc-7b0">
         <name>.text:UARTCC32XX_init</name>
         <load_address>0x2000ee5e</load_address>
         <run_address>0x2000ee5e</run_address>
         <size>0x2</size>
         <input_file_ref idref="fl-16"/>
      </object_component>
      <object_component id="oc-43a">
         <name>.text:free</name>
         <load_address>0x2000ee60</load_address>
         <run_address>0x2000ee60</run_address>
         <size>0xe4</size>
         <input_file_ref idref="fl-e9"/>
      </object_component>
      <object_component id="oc-70c">
         <name>.text:scalbn</name>
         <load_address>0x2000ef44</load_address>
         <run_address>0x2000ef44</run_address>
         <size>0xd0</size>
         <input_file_ref idref="fl-102"/>
      </object_component>
      <object_component id="oc-7ce">
         <name>.text:UARTCC32XX_write</name>
         <load_address>0x2000f014</load_address>
         <run_address>0x2000f014</run_address>
         <size>0xca</size>
         <input_file_ref idref="fl-16"/>
      </object_component>
      <object_component id="oc-3e0">
         <name>.text:_nop</name>
         <load_address>0x2000f0de</load_address>
         <run_address>0x2000f0de</run_address>
         <size>0x2</size>
         <input_file_ref idref="fl-f8"/>
      </object_component>
      <object_component id="oc-1e7">
         <name>.text:GPIO_init</name>
         <load_address>0x2000f0e0</load_address>
         <run_address>0x2000f0e0</run_address>
         <size>0xc4</size>
         <input_file_ref idref="fl-11"/>
      </object_component>
      <object_component id="oc-774">
         <name>.text:restoreParkedPins</name>
         <load_address>0x2000f1a4</load_address>
         <run_address>0x2000f1a4</run_address>
         <size>0xc0</size>
         <input_file_ref idref="fl-13"/>
      </object_component>
      <object_component id="oc-7c2">
         <name>.text:UARTCC32XX_readPolling</name>
         <load_address>0x2000f264</load_address>
         <run_address>0x2000f264</run_address>
         <size>0xba</size>
         <input_file_ref idref="fl-16"/>
      </object_component>
      <object_component id="oc-73">
         <name>.text:busFaultHandler</name>
         <load_address>0x2000f31e</load_address>
         <run_address>0x2000f31e</run_address>
         <size>0x2</size>
         <input_file_ref idref="fl-1e"/>
      </object_component>
      <object_component id="oc-955">
         <name>.text:initHw</name>
         <load_address>0x2000f320</load_address>
         <run_address>0x2000f320</run_address>
         <size>0xb8</size>
         <input_file_ref idref="fl-16"/>
      </object_component>
      <object_component id="oc-a57">
         <name>.text:readTaskCallback</name>
         <load_address>0x2000f3d8</load_address>
         <run_address>0x2000f3d8</run_address>
         <size>0xb6</size>
         <input_file_ref idref="fl-16"/>
      </object_component>
      <object_component id="oc-674">
         <name>.text:I2CCC32XX_completeTransfer</name>
         <load_address>0x2000f48e</load_address>
         <run_address>0x2000f48e</run_address>
         <size>0xb2</size>
         <input_file_ref idref="fl-12"/>
      </object_component>
      <object_component id="oc-522">
         <name>.text:_ltostr</name>
         <load_address>0x2000f540</load_address>
         <run_address>0x2000f540</run_address>
         <size>0xb1</size>
         <input_file_ref idref="fl-eb"/>
      </object_component>
      <object_component id="oc-a45">
         <name>.text:readTaskBlocking</name>
         <load_address>0x2000f5f2</load_address>
         <run_address>0x2000f5f2</run_address>
         <size>0xb0</size>
         <input_file_ref idref="fl-16"/>
      </object_component>
      <object_component id="oc-a4b">
         <name>.text:readIsrTextBlocking</name>
         <load_address>0x2000f6a2</load_address>
         <run_address>0x2000f6a2</run_address>
         <size>0xae</size>
         <input_file_ref idref="fl-16"/>
      </object_component>
      <object_component id="oc-662">
         <name>.text:I2CCC32XX_primeWriteBurst</name>
         <load_address>0x2000f750</load_address>
         <run_address>0x2000f750</run_address>
         <size>0xa8</size>
         <input_file_ref idref="fl-12"/>
      </object_component>
      <object_component id="oc-b5">
         <name>.text:IntEnable</name>
         <load_address>0x2000f7f8</load_address>
         <run_address>0x2000f7f8</run_address>
         <size>0xa8</size>
         <input_file_ref idref="fl-23"/>
      </object_component>
      <object_component id="oc-2c9">
         <name>.text:PowerCC32XX_configureWakeup</name>
         <load_address>0x2000f8a0</load_address>
         <run_address>0x2000f8a0</run_address>
         <size>0xa8</size>
         <input_file_ref idref="fl-13"/>
      </object_component>
      <object_component id="oc-a5d">
         <name>.text:readIsrTextCallback</name>
         <load_address>0x2000f948</load_address>
         <run_address>0x2000f948</run_address>
         <size>0xa2</size>
         <input_file_ref idref="fl-16"/>
      </object_component>
      <object_component id="oc-98c">
         <name>.text:writeData</name>
         <load_address>0x2000f9ea</load_address>
         <run_address>0x2000f9ea</run_address>
         <size>0xa2</size>
         <input_file_ref idref="fl-16"/>
      </object_component>
      <object_component id="oc-2ef">
         <name>.text:SemaphoreP_pend</name>
         <load_address>0x2000fa8c</load_address>
         <run_address>0x2000fa8c</run_address>
         <size>0xa0</size>
         <input_file_ref idref="fl-1a"/>
      </object_component>
      <object_component id="oc-4b8">
         <name>.text:I2CCC32XX_initHw</name>
         <load_address>0x2000fb2c</load_address>
         <run_address>0x2000fb2c</run_address>
         <size>0x9c</size>
         <input_file_ref idref="fl-12"/>
      </object_component>
      <object_component id="oc-3b">
         <name>.text</name>
         <load_address>0x2000fbc8</load_address>
         <run_address>0x2000fbc8</run_address>
         <size>0x9c</size>
         <input_file_ref idref="fl-e4"/>
      </object_component>
      <object_component id="oc-30b">
         <name>.text:powerNotifyFxn</name>
         <load_address>0x2000fc64</load_address>
         <run_address>0x2000fc64</run_address>
         <size>0x98</size>
         <input_file_ref idref="fl-11"/>
      </object_component>
      <object_component id="oc-360">
         <name>.text:timerCallback</name>
         <load_address>0x2000fcfc</load_address>
         <run_address>0x2000fcfc</run_address>
         <size>0x98</size>
         <input_file_ref idref="fl-2"/>
      </object_component>
      <object_component id="oc-5b6">
         <name>.text</name>
         <load_address>0x2000fd94</load_address>
         <run_address>0x2000fd94</run_address>
         <size>0x96</size>
         <input_file_ref idref="fl-e5"/>
      </object_component>
      <object_component id="oc-45f">
         <name>.text:clkFxn</name>
         <load_address>0x2000fe2a</load_address>
         <run_address>0x2000fe2a</run_address>
         <size>0x2</size>
         <input_file_ref idref="fl-1a"/>
      </object_component>
      <object_component id="oc-768">
         <name>.text:restoreNVICRegs</name>
         <load_address>0x2000fe2c</load_address>
         <run_address>0x2000fe2c</run_address>
         <size>0x90</size>
         <input_file_ref idref="fl-13"/>
      </object_component>
      <object_component id="oc-4ac">
         <name>.text:HwiP_construct</name>
         <load_address>0x2000febc</load_address>
         <run_address>0x2000febc</run_address>
         <size>0x8c</size>
         <input_file_ref idref="fl-1c"/>
      </object_component>
      <object_component id="oc-8fe">
         <name>.text:IntPendSet</name>
         <load_address>0x2000ff48</load_address>
         <run_address>0x2000ff48</run_address>
         <size>0x88</size>
         <input_file_ref idref="fl-23"/>
      </object_component>
      <object_component id="oc-368">
         <name>.text:PinConfigSet</name>
         <load_address>0x2000ffd0</load_address>
         <run_address>0x2000ffd0</run_address>
         <size>0x88</size>
         <input_file_ref idref="fl-24"/>
      </object_component>
      <object_component id="oc-85e">
         <name>.text:TimerCC32XX_setPeriod</name>
         <load_address>0x20010058</load_address>
         <run_address>0x20010058</run_address>
         <size>0x88</size>
         <input_file_ref idref="fl-15"/>
      </object_component>
      <object_component id="oc-528">
         <name>.text:__aeabi_cdcmple</name>
         <load_address>0x200100e0</load_address>
         <run_address>0x200100e0</run_address>
         <size>0x86</size>
         <input_file_ref idref="fl-ee"/>
      </object_component>
      <object_component id="oc-6d1">
         <name>.text:__aeabi_cdrcmple</name>
         <load_address>0x20010166</load_address>
         <run_address>0x20010166</run_address>
         <size>0x86</size>
         <input_file_ref idref="fl-ee"/>
      </object_component>
      <object_component id="oc-1d9">
         <name>.text:Power_init</name>
         <load_address>0x200101ec</load_address>
         <run_address>0x200101ec</run_address>
         <size>0x84</size>
         <input_file_ref idref="fl-13"/>
      </object_component>
      <object_component id="oc-75d">
         <name>.text:saveNVICRegs</name>
         <load_address>0x20010270</load_address>
         <run_address>0x20010270</run_address>
         <size>0x84</size>
         <input_file_ref idref="fl-13"/>
      </object_component>
      <object_component id="oc-36e">
         <name>.text:Power_setDependency</name>
         <load_address>0x200102f4</load_address>
         <run_address>0x200102f4</run_address>
         <size>0x80</size>
         <input_file_ref idref="fl-13"/>
      </object_component>
      <object_component id="oc-236">
         <name>.text:TickFct_CheckButtons</name>
         <load_address>0x20010374</load_address>
         <run_address>0x20010374</run_address>
         <size>0x7c</size>
         <input_file_ref idref="fl-2"/>
      </object_component>
      <object_component id="oc-a3f">
         <name>.text:readIsrBinaryBlocking</name>
         <load_address>0x200103f0</load_address>
         <run_address>0x200103f0</run_address>
         <size>0x7c</size>
         <input_file_ref idref="fl-16"/>
      </object_component>
      <object_component id="oc-65c">
         <name>.text:I2CCC32XX_primeReadBurst</name>
         <load_address>0x2001046c</load_address>
         <run_address>0x2001046c</run_address>
         <size>0x7a</size>
         <input_file_ref idref="fl-12"/>
      </object_component>
      <object_component id="oc-3a8">
         <name>.text</name>
         <load_address>0x200104e6</load_address>
         <run_address>0x200104e6</run_address>
         <size>0x7a</size>
         <input_file_ref idref="fl-e0"/>
      </object_component>
      <object_component id="oc-9d">
         <name>.text</name>
         <load_address>0x20010560</load_address>
         <run_address>0x20010560</run_address>
         <size>0x7a</size>
         <input_file_ref idref="fl-f3"/>
      </object_component>
      <object_component id="oc-6d">
         <name>.text:defaultHandler</name>
         <load_address>0x200105da</load_address>
         <run_address>0x200105da</run_address>
         <size>0x2</size>
         <input_file_ref idref="fl-1e"/>
      </object_component>
      <object_component id="oc-392">
         <name>.text:GPIO_hwiIntFxn</name>
         <load_address>0x200105dc</load_address>
         <run_address>0x200105dc</run_address>
         <size>0x78</size>
         <input_file_ref idref="fl-11"/>
      </object_component>
      <object_component id="oc-864">
         <name>.text:TimerCC32XX_start</name>
         <load_address>0x20010654</load_address>
         <run_address>0x20010654</run_address>
         <size>0x78</size>
         <input_file_ref idref="fl-15"/>
      </object_component>
      <object_component id="oc-a51">
         <name>.text:readIsrBinaryCallback</name>
         <load_address>0x200106cc</load_address>
         <run_address>0x200106cc</run_address>
         <size>0x78</size>
         <input_file_ref idref="fl-16"/>
      </object_component>
      <object_component id="oc-964">
         <name>.text:UARTCC32XX_hwiIntFxn</name>
         <load_address>0x20010744</load_address>
         <run_address>0x20010744</run_address>
         <size>0x74</size>
         <input_file_ref idref="fl-16"/>
      </object_component>
      <object_component id="oc-875">
         <name>.text:split</name>
         <load_address>0x200107b8</load_address>
         <run_address>0x200107b8</run_address>
         <size>0x70</size>
         <input_file_ref idref="fl-e9"/>
      </object_component>
      <object_component id="oc-6f1">
         <name>.text:_mcpy</name>
         <load_address>0x20010828</load_address>
         <run_address>0x20010828</run_address>
         <size>0x6e</size>
         <input_file_ref idref="fl-eb"/>
      </object_component>
      <object_component id="oc-68f">
         <name>.text:I2CSupport_primeTransfer</name>
         <load_address>0x20010896</load_address>
         <run_address>0x20010896</run_address>
         <size>0x6a</size>
         <input_file_ref idref="fl-12"/>
      </object_component>
      <object_component id="oc-23c">
         <name>.text:TickFct_SetHeat</name>
         <load_address>0x20010900</load_address>
         <run_address>0x20010900</run_address>
         <size>0x68</size>
         <input_file_ref idref="fl-2"/>
      </object_component>
      <object_component id="oc-14">
         <name>.text:decompress:lzss:__TI_decompress_lzss</name>
         <load_address>0x20010968</load_address>
         <run_address>0x20010968</run_address>
         <size>0x68</size>
         <input_file_ref idref="fl-e8"/>
      </object_component>
      <object_component id="oc-7da">
         <name>.text:UARTCC32XX_writeCancel</name>
         <load_address>0x200109d0</load_address>
         <run_address>0x200109d0</run_address>
         <size>0x66</size>
         <input_file_ref idref="fl-16"/>
      </object_component>
      <object_component id="oc-67">
         <name>.text:faultISR</name>
         <load_address>0x20010a36</load_address>
         <run_address>0x20010a36</run_address>
         <size>0x2</size>
         <input_file_ref idref="fl-1e"/>
      </object_component>
      <object_component id="oc-489">
         <name>.text:PowerCC32XX_setParkState</name>
         <load_address>0x20010a38</load_address>
         <run_address>0x20010a38</run_address>
         <size>0x64</size>
         <input_file_ref idref="fl-13"/>
      </object_component>
      <object_component id="oc-7d4">
         <name>.text:UARTCC32XX_writePolling</name>
         <load_address>0x20010a9c</load_address>
         <run_address>0x20010a9c</run_address>
         <size>0x62</size>
         <input_file_ref idref="fl-16"/>
      </object_component>
      <object_component id="oc-61">
         <name>.text:nmiISR</name>
         <load_address>0x20010afe</load_address>
         <run_address>0x20010afe</run_address>
         <size>0x2</size>
         <input_file_ref idref="fl-1e"/>
      </object_component>
      <object_component id="oc-297">
         <name>.text:PRCMSysResetCauseGet</name>
         <load_address>0x20010b00</load_address>
         <run_address>0x20010b00</run_address>
         <size>0x60</size>
         <input_file_ref idref="fl-25"/>
      </object_component>
      <object_component id="oc-20b">
         <name>.text:GPIO_setCallback</name>
         <load_address>0x20010b60</load_address>
         <run_address>0x20010b60</run_address>
         <size>0x5c</size>
         <input_file_ref idref="fl-11"/>
      </object_component>
      <object_component id="oc-706">
         <name>.text:frexp</name>
         <load_address>0x20010bbc</load_address>
         <run_address>0x20010bbc</run_address>
         <size>0x5c</size>
         <input_file_ref idref="fl-101"/>
      </object_component>
      <object_component id="oc-8be">
         <name>.text:sysTickInit</name>
         <load_address>0x20010c18</load_address>
         <run_address>0x20010c18</run_address>
         <size>0x5c</size>
         <input_file_ref idref="fl-1b"/>
      </object_component>
      <object_component id="oc-205">
         <name>.text:GPIO_write</name>
         <load_address>0x20010c74</load_address>
         <run_address>0x20010c74</run_address>
         <size>0x58</size>
         <input_file_ref idref="fl-11"/>
      </object_component>
      <object_component id="oc-2b0">
         <name>.text:PRCMPeripheralReset</name>
         <load_address>0x20010ccc</load_address>
         <run_address>0x20010ccc</run_address>
         <size>0x58</size>
         <input_file_ref idref="fl-25"/>
      </object_component>
      <object_component id="oc-91c">
         <name>.text:Power_releaseDependency</name>
         <load_address>0x20010d24</load_address>
         <run_address>0x20010d24</run_address>
         <size>0x58</size>
         <input_file_ref idref="fl-13"/>
      </object_component>
      <object_component id="oc-86a">
         <name>.text:TimerCC32XX_stop</name>
         <load_address>0x20010d7c</load_address>
         <run_address>0x20010d7c</run_address>
         <size>0x56</size>
         <input_file_ref idref="fl-15"/>
      </object_component>
      <object_component id="oc-533">
         <name>.text:_pconv_f</name>
         <load_address>0x20010dd2</load_address>
         <run_address>0x20010dd2</run_address>
         <size>0x56</size>
         <input_file_ref idref="fl-eb"/>
      </object_component>
      <object_component id="oc-6db">
         <name>.text:__TI_ltoa</name>
         <load_address>0x20010e28</load_address>
         <run_address>0x20010e28</run_address>
         <size>0x54</size>
         <input_file_ref idref="fl-f9"/>
      </object_component>
      <object_component id="oc-1f9">
         <name>.text:initTimer</name>
         <load_address>0x20010e7c</load_address>
         <run_address>0x20010e7c</run_address>
         <size>0x54</size>
         <input_file_ref idref="fl-2"/>
      </object_component>
      <object_component id="oc-abc">
         <name>.text:ringBufGet</name>
         <load_address>0x20010ed0</load_address>
         <run_address>0x20010ed0</run_address>
         <size>0x54</size>
         <input_file_ref idref="fl-16"/>
      </object_component>
      <object_component id="oc-8db">
         <name>.text:PowerCC32XX_resumeLPDS</name>
         <load_address>0x20010f24</load_address>
         <run_address>0x20010f24</run_address>
         <size>0x52</size>
         <input_file_ref idref="fl-14"/>
      </object_component>
      <object_component id="oc-6eb">
         <name>.text:_ecpy</name>
         <load_address>0x20010f76</load_address>
         <run_address>0x20010f76</run_address>
         <size>0x52</size>
         <input_file_ref idref="fl-eb"/>
      </object_component>
      <object_component id="oc-9bb">
         <name>.text:initHw</name>
         <load_address>0x20010fc8</load_address>
         <run_address>0x20010fc8</run_address>
         <size>0x52</size>
         <input_file_ref idref="fl-15"/>
      </object_component>
      <object_component id="oc-74b">
         <name>.text</name>
         <load_address>0x2001101a</load_address>
         <run_address>0x2001101a</run_address>
         <size>0x2</size>
         <input_file_ref idref="fl-ec"/>
      </object_component>
      <object_component id="oc-79">
         <name>.text:ClockP_sysTickHandler</name>
         <load_address>0x2001101c</load_address>
         <run_address>0x2001101c</run_address>
         <size>0x50</size>
         <input_file_ref idref="fl-1b"/>
      </object_component>
      <object_component id="oc-5dc">
         <name>.text:SemaphoreP_construct</name>
         <load_address>0x2001106c</load_address>
         <run_address>0x2001106c</run_address>
         <size>0x50</size>
         <input_file_ref idref="fl-1a"/>
      </object_component>
      <object_component id="oc-9af">
         <name>.text:TimerCC32XX_allocateTimerResource</name>
         <load_address>0x200110bc</load_address>
         <run_address>0x200110bc</run_address>
         <size>0x50</size>
         <input_file_ref idref="fl-15"/>
      </object_component>
      <object_component id="oc-211">
         <name>.text:GPIO_enableInt</name>
         <load_address>0x2001110c</load_address>
         <run_address>0x2001110c</run_address>
         <size>0x4c</size>
         <input_file_ref idref="fl-11"/>
      </object_component>
      <object_component id="oc-650">
         <name>.text:I2CCC32XX_readRecieveFifo</name>
         <load_address>0x20011158</load_address>
         <run_address>0x20011158</run_address>
         <size>0x4c</size>
         <input_file_ref idref="fl-12"/>
      </object_component>
      <object_component id="oc-8d2">
         <name>.text:PowerCC32XX_parkPin</name>
         <load_address>0x200111a4</load_address>
         <run_address>0x200111a4</run_address>
         <size>0x4c</size>
         <input_file_ref idref="fl-13"/>
      </object_component>
      <object_component id="oc-51c">
         <name>.text:atoi</name>
         <load_address>0x200111f0</load_address>
         <run_address>0x200111f0</run_address>
         <size>0x4c</size>
         <input_file_ref idref="fl-fb"/>
      </object_component>
      <object_component id="oc-76e">
         <name>.text:restorePeriphClocks</name>
         <load_address>0x2001123c</load_address>
         <run_address>0x2001123c</run_address>
         <size>0x4c</size>
         <input_file_ref idref="fl-13"/>
      </object_component>
      <object_component id="oc-21d">
         <name>.text:snprintf</name>
         <load_address>0x20011288</load_address>
         <run_address>0x20011288</run_address>
         <size>0x4c</size>
         <input_file_ref idref="fl-df"/>
      </object_component>
      <object_component id="oc-8f6">
         <name>.text:FlashDisable</name>
         <load_address>0x200112d4</load_address>
         <run_address>0x200112d4</run_address>
         <size>0x48</size>
         <input_file_ref idref="fl-29"/>
      </object_component>
      <object_component id="oc-77a">
         <name>.text:PRCMLPDSEnter</name>
         <load_address>0x2001131c</load_address>
         <run_address>0x2001131c</run_address>
         <size>0x48</size>
         <input_file_ref idref="fl-25"/>
      </object_component>
      <object_component id="oc-2aa">
         <name>.text:PRCMPeripheralClkEnable</name>
         <load_address>0x20011364</load_address>
         <run_address>0x20011364</run_address>
         <size>0x48</size>
         <input_file_ref idref="fl-25"/>
      </object_component>
      <object_component id="oc-815">
         <name>.text:Power_releaseConstraint</name>
         <load_address>0x200113ac</load_address>
         <run_address>0x200113ac</run_address>
         <size>0x48</size>
         <input_file_ref idref="fl-13"/>
      </object_component>
      <object_component id="oc-6d6">
         <name>.text</name>
         <load_address>0x200113f4</load_address>
         <run_address>0x200113f4</run_address>
         <size>0x48</size>
         <input_file_ref idref="fl-f1"/>
      </object_component>
      <object_component id="oc-aa9">
         <name>.text:RingBuf_put</name>
         <load_address>0x2001143c</load_address>
         <run_address>0x2001143c</run_address>
         <size>0x46</size>
         <input_file_ref idref="fl-18"/>
      </object_component>
      <object_component id="oc-9b5">
         <name>.text:getPrescaler</name>
         <load_address>0x20011482</load_address>
         <run_address>0x20011482</run_address>
         <size>0x46</size>
         <input_file_ref idref="fl-15"/>
      </object_component>
      <object_component id="oc-604">
         <name>.text:ClockP_stop</name>
         <load_address>0x200114c8</load_address>
         <run_address>0x200114c8</run_address>
         <size>0x44</size>
         <input_file_ref idref="fl-1b"/>
      </object_component>
      <object_component id="oc-8e0">
         <name>.text:PRCMLPDSRestoreInfoSet</name>
         <load_address>0x2001150c</load_address>
         <run_address>0x2001150c</run_address>
         <size>0x44</size>
         <input_file_ref idref="fl-25"/>
      </object_component>
      <object_component id="oc-763">
         <name>.text:PowerCC32XX_enterLPDS</name>
         <load_address>0x20011550</load_address>
         <run_address>0x20011550</run_address>
         <size>0x44</size>
         <input_file_ref idref="fl-14"/>
      </object_component>
      <object_component id="oc-2fb">
         <name>.text:SemaphoreP_post</name>
         <load_address>0x20011594</load_address>
         <run_address>0x20011594</run_address>
         <size>0x44</size>
         <input_file_ref idref="fl-1a"/>
      </object_component>
      <object_component id="oc-5cc">
         <name>.text:SwiP_restore</name>
         <load_address>0x200115d8</load_address>
         <run_address>0x200115d8</run_address>
         <size>0x44</size>
         <input_file_ref idref="fl-1f"/>
      </object_component>
      <object_component id="oc-348">
         <name>.text:Timer_init</name>
         <load_address>0x2001161c</load_address>
         <run_address>0x2001161c</run_address>
         <size>0x44</size>
         <input_file_ref idref="fl-f"/>
      </object_component>
      <object_component id="oc-315">
         <name>.text:UART_init</name>
         <load_address>0x20011660</load_address>
         <run_address>0x20011660</run_address>
         <size>0x44</size>
         <input_file_ref idref="fl-10"/>
      </object_component>
      <object_component id="oc-172">
         <name>.text:__TI_auto_init_nobinit_nopinit:__TI_auto_init_nobinit_nopinit</name>
         <load_address>0x200116a4</load_address>
         <run_address>0x200116a4</run_address>
         <size>0x44</size>
         <input_file_ref idref="fl-f4"/>
      </object_component>
      <object_component id="oc-1ed">
         <name>.text:initUART</name>
         <load_address>0x200116e8</load_address>
         <run_address>0x200116e8</run_address>
         <size>0x44</size>
         <input_file_ref idref="fl-2"/>
      </object_component>
      <object_component id="oc-a2e">
         <name>.text:ClockP_construct</name>
         <load_address>0x2001172c</load_address>
         <run_address>0x2001172c</run_address>
         <size>0x40</size>
         <input_file_ref idref="fl-1b"/>
      </object_component>
      <object_component id="oc-2c2">
         <name>.text:PinModeSet</name>
         <load_address>0x2001176c</load_address>
         <run_address>0x2001176c</run_address>
         <size>0x40</size>
         <input_file_ref idref="fl-24"/>
      </object_component>
      <object_component id="oc-97e">
         <name>.text:RingBuf_get</name>
         <load_address>0x200117ac</load_address>
         <run_address>0x200117ac</run_address>
         <size>0x40</size>
         <input_file_ref idref="fl-18"/>
      </object_component>
      <object_component id="oc-354">
         <name>.text:Timer_open</name>
         <load_address>0x200117ec</load_address>
         <run_address>0x200117ec</run_address>
         <size>0x40</size>
         <input_file_ref idref="fl-f"/>
      </object_component>
      <object_component id="oc-7bc">
         <name>.text:UARTCC32XX_read</name>
         <load_address>0x2001182c</load_address>
         <run_address>0x2001182c</run_address>
         <size>0x40</size>
         <input_file_ref idref="fl-16"/>
      </object_component>
      <object_component id="oc-321">
         <name>.text:UART_open</name>
         <load_address>0x2001186c</load_address>
         <run_address>0x2001186c</run_address>
         <size>0x40</size>
         <input_file_ref idref="fl-10"/>
      </object_component>
      <object_component id="oc-6fe">
         <name>.text:_fcpy</name>
         <load_address>0x200118ac</load_address>
         <run_address>0x200118ac</run_address>
         <size>0x3e</size>
         <input_file_ref idref="fl-eb"/>
      </object_component>
      <object_component id="oc-459">
         <name>.text:ClockP_destruct</name>
         <load_address>0x200118ec</load_address>
         <run_address>0x200118ec</run_address>
         <size>0x3c</size>
         <input_file_ref idref="fl-1b"/>
      </object_component>
      <object_component id="oc-81c">
         <name>.text:Power_setConstraint</name>
         <load_address>0x20011928</load_address>
         <run_address>0x20011928</run_address>
         <size>0x3c</size>
         <input_file_ref idref="fl-13"/>
      </object_component>
      <object_component id="oc-840">
         <name>.text:TimerCC32XX_close</name>
         <load_address>0x20011964</load_address>
         <run_address>0x20011964</run_address>
         <size>0x3a</size>
         <input_file_ref idref="fl-15"/>
      </object_component>
      <object_component id="oc-5b0">
         <name>.text:getCountsRTC</name>
         <load_address>0x2001199e</load_address>
         <run_address>0x2001199e</run_address>
         <size>0x3a</size>
         <input_file_ref idref="fl-1d"/>
      </object_component>
      <object_component id="oc-780">
         <name>.text:PRCMLPDSEnterKeepDebugIf</name>
         <load_address>0x200119d8</load_address>
         <run_address>0x200119d8</run_address>
         <size>0x38</size>
         <input_file_ref idref="fl-25"/>
      </object_component>
      <object_component id="oc-9c7">
         <name>.text:TimerCC32XX_hwiIntFunction</name>
         <load_address>0x20011a10</load_address>
         <run_address>0x20011a10</run_address>
         <size>0x38</size>
         <input_file_ref idref="fl-15"/>
      </object_component>
      <object_component id="oc-db">
         <name>.text:addToList</name>
         <load_address>0x20011a48</load_address>
         <run_address>0x20011a48</run_address>
         <size>0x38</size>
         <input_file_ref idref="fl-1b"/>
      </object_component>
      <object_component id="oc-59">
         <name>.text:initVectors</name>
         <load_address>0x20011a80</load_address>
         <run_address>0x20011a80</run_address>
         <size>0x38</size>
         <input_file_ref idref="fl-1e"/>
      </object_component>
      <object_component id="oc-751">
         <name>.text:notify</name>
         <load_address>0x20011ab8</load_address>
         <run_address>0x20011ab8</run_address>
         <size>0x38</size>
         <input_file_ref idref="fl-13"/>
      </object_component>
      <object_component id="oc-3ad">
         <name>.text</name>
         <load_address>0x20011af0</load_address>
         <run_address>0x20011af0</run_address>
         <size>0x38</size>
         <input_file_ref idref="fl-e1"/>
      </object_component>
      <object_component id="oc-3a3">
         <name>.text</name>
         <load_address>0x20011b28</load_address>
         <run_address>0x20011b28</run_address>
         <size>0x38</size>
         <input_file_ref idref="fl-e2"/>
      </object_component>
      <object_component id="oc-a87">
         <name>.text:TimerControlStall</name>
         <load_address>0x20011b60</load_address>
         <run_address>0x20011b60</run_address>
         <size>0x36</size>
         <input_file_ref idref="fl-26"/>
      </object_component>
      <object_component id="oc-7c8">
         <name>.text:UARTCC32XX_readCancel</name>
         <load_address>0x20011b96</load_address>
         <run_address>0x20011b96</run_address>
         <size>0x36</size>
         <input_file_ref idref="fl-16"/>
      </object_component>
      <object_component id="oc-59e">
         <name>.text:ClockP_getTicksUntilInterrupt</name>
         <load_address>0x20011bcc</load_address>
         <run_address>0x20011bcc</run_address>
         <size>0x34</size>
         <input_file_ref idref="fl-1b"/>
      </object_component>
      <object_component id="oc-742">
         <name>.text:ClockP_startup</name>
         <load_address>0x20011c00</load_address>
         <run_address>0x20011c00</run_address>
         <size>0x34</size>
         <input_file_ref idref="fl-1b"/>
      </object_component>
      <object_component id="oc-2bc">
         <name>.text:PinModeGet</name>
         <load_address>0x20011c34</load_address>
         <run_address>0x20011c34</run_address>
         <size>0x34</size>
         <input_file_ref idref="fl-24"/>
      </object_component>
      <object_component id="oc-922">
         <name>.text:PowerCC32XX_restoreParkState</name>
         <load_address>0x20011c68</load_address>
         <run_address>0x20011c68</run_address>
         <size>0x34</size>
         <input_file_ref idref="fl-13"/>
      </object_component>
      <object_component id="oc-9a5">
         <name>.text:TimerCC32XX_freeTimerResource</name>
         <load_address>0x20011c9c</load_address>
         <run_address>0x20011c9c</run_address>
         <size>0x34</size>
         <input_file_ref idref="fl-15"/>
      </object_component>
      <object_component id="oc-a7b">
         <name>.text:getPowerMgrId</name>
         <load_address>0x20011cd0</load_address>
         <run_address>0x20011cd0</run_address>
         <size>0x34</size>
         <input_file_ref idref="fl-15"/>
      </object_component>
      <object_component id="oc-447">
         <name>.text:ClockP_start</name>
         <load_address>0x20011d04</load_address>
         <run_address>0x20011d04</run_address>
         <size>0x30</size>
         <input_file_ref idref="fl-1b"/>
      </object_component>
      <object_component id="oc-8ef">
         <name>.text:PowerCC32XX_restoreParkedPin</name>
         <load_address>0x20011d34</load_address>
         <run_address>0x20011d34</run_address>
         <size>0x30</size>
         <input_file_ref idref="fl-13"/>
      </object_component>
      <object_component id="oc-3b9">
         <name>.text:_outs</name>
         <load_address>0x20011d64</load_address>
         <run_address>0x20011d64</run_address>
         <size>0x30</size>
         <input_file_ref idref="fl-df"/>
      </object_component>
      <object_component id="oc-6e1">
         <name>.text</name>
         <load_address>0x20011d94</load_address>
         <run_address>0x20011d94</run_address>
         <size>0x2e</size>
         <input_file_ref idref="fl-f2"/>
      </object_component>
      <object_component id="oc-943">
         <name>.text:PowerCC32XX_getParkState</name>
         <load_address>0x20011dc4</load_address>
         <run_address>0x20011dc4</run_address>
         <size>0x2c</size>
         <input_file_ref idref="fl-13"/>
      </object_component>
      <object_component id="oc-37a">
         <name>.text:HwiP_create</name>
         <load_address>0x20011df0</load_address>
         <run_address>0x20011df0</run_address>
         <size>0x2a</size>
         <input_file_ref idref="fl-1c"/>
      </object_component>
      <object_component id="oc-9d4">
         <name>.text:TimerLoadSet</name>
         <load_address>0x20011e1a</load_address>
         <run_address>0x20011e1a</run_address>
         <size>0x2a</size>
         <input_file_ref idref="fl-26"/>
      </object_component>
      <object_component id="oc-9ce">
         <name>.text:TimerPrescaleSet</name>
         <load_address>0x20011e44</load_address>
         <run_address>0x20011e44</run_address>
         <size>0x2a</size>
         <input_file_ref idref="fl-26"/>
      </object_component>
      <object_component id="oc-668">
         <name>.text:I2CFIFODataPutNonBlocking</name>
         <load_address>0x20011e6e</load_address>
         <run_address>0x20011e6e</run_address>
         <size>0x28</size>
         <input_file_ref idref="fl-22"/>
      </object_component>
      <object_component id="oc-2b6">
         <name>.text:PRCMPeripheralClkDisable</name>
         <load_address>0x20011e98</load_address>
         <run_address>0x20011e98</run_address>
         <size>0x28</size>
         <input_file_ref idref="fl-25"/>
      </object_component>
      <object_component id="oc-2f5">
         <name>.text:Power_registerNotify</name>
         <load_address>0x20011ec0</load_address>
         <run_address>0x20011ec0</run_address>
         <size>0x28</size>
         <input_file_ref idref="fl-13"/>
      </object_component>
      <object_component id="oc-5fc">
         <name>.text:free_list_insert</name>
         <load_address>0x20011ee8</load_address>
         <run_address>0x20011ee8</run_address>
         <size>0x28</size>
         <input_file_ref idref="fl-e9"/>
      </object_component>
      <object_component id="oc-7f1">
         <name>.text:I2CFIFODataGetNonBlocking</name>
         <load_address>0x20011f10</load_address>
         <run_address>0x20011f10</run_address>
         <size>0x26</size>
         <input_file_ref idref="fl-22"/>
      </object_component>
      <object_component id="oc-69b">
         <name>.text:I2C_cancel</name>
         <load_address>0x20011f36</load_address>
         <run_address>0x20011f36</run_address>
         <size>0x26</size>
         <input_file_ref idref="fl-e"/>
      </object_component>
      <object_component id="oc-469">
         <name>.text:List_put</name>
         <load_address>0x20011f5c</load_address>
         <run_address>0x20011f5c</run_address>
         <size>0x26</size>
         <input_file_ref idref="fl-17"/>
      </object_component>
      <object_component id="oc-a1e">
         <name>.text:List_remove</name>
         <load_address>0x20011f82</load_address>
         <run_address>0x20011f82</run_address>
         <size>0x26</size>
         <input_file_ref idref="fl-17"/>
      </object_component>
      <object_component id="oc-62f">
         <name>.text:HwiP_dispatch</name>
         <load_address>0x20011fa8</load_address>
         <run_address>0x20011fa8</run_address>
         <size>0x24</size>
         <input_file_ref idref="fl-1c"/>
      </object_component>
      <object_component id="oc-93d">
         <name>.text:PowerCC32XX_reset</name>
         <load_address>0x20011fcc</load_address>
         <run_address>0x20011fcc</run_address>
         <size>0x24</size>
         <input_file_ref idref="fl-13"/>
      </object_component>
      <object_component id="oc-c5">
         <name>.text:_c_int00_noargs:_c_int00_noargs</name>
         <load_address>0x20011ff0</load_address>
         <run_address>0x20011ff0</run_address>
         <size>0x24</size>
         <input_file_ref idref="fl-ea"/>
      </object_component>
      <object_component id="oc-7f9">
         <name>.text:I2CMasterSlaveAddrSet</name>
         <load_address>0x20012014</load_address>
         <run_address>0x20012014</run_address>
         <size>0x22</size>
         <input_file_ref idref="fl-22"/>
      </object_component>
      <object_component id="oc-a16">
         <name>.text:HwiP_destruct</name>
         <load_address>0x20012036</load_address>
         <run_address>0x20012036</run_address>
         <size>0x20</size>
         <input_file_ref idref="fl-1c"/>
      </object_component>
      <object_component id="oc-916">
         <name>.text:Power_unregisterNotify</name>
         <load_address>0x20012058</load_address>
         <run_address>0x20012058</run_address>
         <size>0x20</size>
         <input_file_ref idref="fl-13"/>
      </object_component>
      <object_component id="oc-929">
         <name>.text:RingBuf_peek</name>
         <load_address>0x20012078</load_address>
         <run_address>0x20012078</run_address>
         <size>0x20</size>
         <input_file_ref idref="fl-18"/>
      </object_component>
      <object_component id="oc-937">
         <name>.text:getPowerMgrId</name>
         <load_address>0x20012098</load_address>
         <run_address>0x20012098</run_address>
         <size>0x20</size>
         <input_file_ref idref="fl-16"/>
      </object_component>
      <object_component id="oc-644">
         <name>.text:I2CMasterIntStatusEx</name>
         <load_address>0x200120b8</load_address>
         <run_address>0x200120b8</run_address>
         <size>0x1e</size>
         <input_file_ref idref="fl-22"/>
      </object_component>
      <object_component id="oc-4b2">
         <name>.text:SemaphoreP_constructBinary</name>
         <load_address>0x200120d6</load_address>
         <run_address>0x200120d6</run_address>
         <size>0x1e</size>
         <input_file_ref idref="fl-1a"/>
      </object_component>
      <object_component id="oc-9e8">
         <name>.text:TimerDisable</name>
         <load_address>0x200120f4</load_address>
         <run_address>0x200120f4</run_address>
         <size>0x1e</size>
         <input_file_ref idref="fl-26"/>
      </object_component>
      <object_component id="oc-9e1">
         <name>.text:TimerEnable</name>
         <load_address>0x20012112</load_address>
         <run_address>0x20012112</run_address>
         <size>0x1e</size>
         <input_file_ref idref="fl-26"/>
      </object_component>
      <object_component id="oc-8cc">
         <name>.text:PinToPadGet</name>
         <load_address>0x20012130</load_address>
         <run_address>0x20012130</run_address>
         <size>0x1c</size>
         <input_file_ref idref="fl-24"/>
      </object_component>
      <object_component id="oc-592">
         <name>.text:SwiP_disable</name>
         <load_address>0x2001214c</load_address>
         <run_address>0x2001214c</run_address>
         <size>0x1c</size>
         <input_file_ref idref="fl-1f"/>
      </object_component>
      <object_component id="oc-5f6">
         <name>.text:free_list_remove</name>
         <load_address>0x20012168</load_address>
         <run_address>0x20012168</run_address>
         <size>0x1c</size>
         <input_file_ref idref="fl-e9"/>
      </object_component>
      <object_component id="oc-545">
         <name>.text:memccpy</name>
         <load_address>0x20012184</load_address>
         <run_address>0x20012184</run_address>
         <size>0x1c</size>
         <input_file_ref idref="fl-fd"/>
      </object_component>
      <object_component id="oc-94f">
         <name>.text:ClockP_create</name>
         <load_address>0x200121a0</load_address>
         <run_address>0x200121a0</run_address>
         <size>0x1a</size>
         <input_file_ref idref="fl-1b"/>
      </object_component>
      <object_component id="oc-2d7">
         <name>.text:SemaphoreP_createBinary</name>
         <load_address>0x200121ba</load_address>
         <run_address>0x200121ba</run_address>
         <size>0x1a</size>
         <input_file_ref idref="fl-1a"/>
      </object_component>
      <object_component id="oc-21">
         <name>.text:resetISR</name>
         <load_address>0x200121d4</load_address>
         <run_address>0x200121d4</run_address>
         <size>0x1a</size>
         <input_file_ref idref="fl-1e"/>
      </object_component>
      <object_component id="oc-830">
         <name>.text:I2CMasterBusBusy</name>
         <load_address>0x200121ee</load_address>
         <run_address>0x200121ee</run_address>
         <size>0x18</size>
         <input_file_ref idref="fl-22"/>
      </object_component>
      <object_component id="oc-656">
         <name>.text:I2CMasterIntDisableEx</name>
         <load_address>0x20012206</load_address>
         <run_address>0x20012206</run_address>
         <size>0x18</size>
         <input_file_ref idref="fl-22"/>
      </object_component>
      <object_component id="oc-80b">
         <name>.text:I2CMasterIntEnableEx</name>
         <load_address>0x2001221e</load_address>
         <run_address>0x2001221e</run_address>
         <size>0x18</size>
         <input_file_ref idref="fl-22"/>
      </object_component>
      <object_component id="oc-82a">
         <name>.text:I2CRxFIFOFlush</name>
         <load_address>0x20012236</load_address>
         <run_address>0x20012236</run_address>
         <size>0x18</size>
         <input_file_ref idref="fl-22"/>
      </object_component>
      <object_component id="oc-824">
         <name>.text:I2CTxFIFOFlush</name>
         <load_address>0x2001224e</load_address>
         <run_address>0x2001224e</run_address>
         <size>0x18</size>
         <input_file_ref idref="fl-22"/>
      </object_component>
      <object_component id="oc-5a4">
         <name>.text:Power_getTransitionLatency</name>
         <load_address>0x20012268</load_address>
         <run_address>0x20012268</run_address>
         <size>0x18</size>
         <input_file_ref idref="fl-13"/>
      </object_component>
      <object_component id="oc-793">
         <name>.text:Power_idleFunc</name>
         <load_address>0x20012280</load_address>
         <run_address>0x20012280</run_address>
         <size>0x18</size>
         <input_file_ref idref="fl-13"/>
      </object_component>
      <object_component id="oc-84c">
         <name>.text:TimerCC32XX_getCount</name>
         <load_address>0x20012298</load_address>
         <run_address>0x20012298</run_address>
         <size>0x18</size>
         <input_file_ref idref="fl-15"/>
      </object_component>
      <object_component id="oc-9ee">
         <name>.text:TimerIntDisable</name>
         <load_address>0x200122b0</load_address>
         <run_address>0x200122b0</run_address>
         <size>0x18</size>
         <input_file_ref idref="fl-26"/>
      </object_component>
      <object_component id="oc-9db">
         <name>.text:TimerIntEnable</name>
         <load_address>0x200122c8</load_address>
         <run_address>0x200122c8</run_address>
         <size>0x18</size>
         <input_file_ref idref="fl-26"/>
      </object_component>
      <object_component id="oc-986">
         <name>.text:UARTBusy</name>
         <load_address>0x200122e0</load_address>
         <run_address>0x200122e0</run_address>
         <size>0x18</size>
         <input_file_ref idref="fl-27"/>
      </object_component>
      <object_component id="oc-a72">
         <name>.text:UARTIntEnable</name>
         <load_address>0x200122f8</load_address>
         <run_address>0x200122f8</run_address>
         <size>0x18</size>
         <input_file_ref idref="fl-27"/>
      </object_component>
      <object_component id="oc-31b">
         <name>.text:UART_Params_init</name>
         <load_address>0x20012310</load_address>
         <run_address>0x20012310</run_address>
         <size>0x18</size>
         <input_file_ref idref="fl-10"/>
      </object_component>
      <object_component id="oc-3bf">
         <name>.text:_outc</name>
         <load_address>0x20012328</load_address>
         <run_address>0x20012328</run_address>
         <size>0x18</size>
         <input_file_ref idref="fl-df"/>
      </object_component>
      <object_component id="oc-229">
         <name>.text:gpioButtonFxn0</name>
         <load_address>0x20012340</load_address>
         <run_address>0x20012340</run_address>
         <size>0x18</size>
         <input_file_ref idref="fl-2"/>
      </object_component>
      <object_component id="oc-22f">
         <name>.text:gpioButtonFxn1</name>
         <load_address>0x20012358</load_address>
         <run_address>0x20012358</run_address>
         <size>0x18</size>
         <input_file_ref idref="fl-2"/>
      </object_component>
      <object_component id="oc-5c1">
         <name>.text</name>
         <load_address>0x20012370</load_address>
         <run_address>0x20012370</run_address>
         <size>0x18</size>
         <input_file_ref idref="fl-e3"/>
      </object_component>
      <object_component id="oc-805">
         <name>.text:I2CMasterBurstLengthSet</name>
         <load_address>0x20012388</load_address>
         <run_address>0x20012388</run_address>
         <size>0x16</size>
         <input_file_ref idref="fl-22"/>
      </object_component>
      <object_component id="oc-2a4">
         <name>.text:PRCMHIBRegRead</name>
         <load_address>0x2001239e</load_address>
         <run_address>0x2001239e</run_address>
         <size>0x16</size>
         <input_file_ref idref="fl-25"/>
      </object_component>
      <object_component id="oc-29e">
         <name>.text:PRCMHIBRegWrite</name>
         <load_address>0x200123b4</load_address>
         <run_address>0x200123b4</run_address>
         <size>0x16</size>
         <input_file_ref idref="fl-25"/>
      </object_component>
      <object_component id="oc-42f">
         <name>.text:SemaphoreP_create</name>
         <load_address>0x200123ca</load_address>
         <run_address>0x200123ca</run_address>
         <size>0x16</size>
         <input_file_ref idref="fl-1a"/>
      </object_component>
      <object_component id="oc-712">
         <name>.text:strchr</name>
         <load_address>0x200123e0</load_address>
         <run_address>0x200123e0</run_address>
         <size>0x16</size>
         <input_file_ref idref="fl-fe"/>
      </object_component>
      <object_component id="oc-a3">
         <name>.text:CPUcpsid</name>
         <load_address>0x200123f6</load_address>
         <run_address>0x200123f6</run_address>
         <size>0x14</size>
         <input_file_ref idref="fl-21"/>
      </object_component>
      <object_component id="oc-470">
         <name>.text:HwiP_inISR</name>
         <load_address>0x2001240c</load_address>
         <run_address>0x2001240c</run_address>
         <size>0x14</size>
         <input_file_ref idref="fl-1c"/>
      </object_component>
      <object_component id="oc-838">
         <name>.text:I2CSupport_masterFinish</name>
         <load_address>0x20012420</load_address>
         <run_address>0x20012420</run_address>
         <size>0x14</size>
         <input_file_ref idref="fl-12"/>
      </object_component>
      <object_component id="oc-33a">
         <name>.text:I2C_transfer</name>
         <load_address>0x20012434</load_address>
         <run_address>0x20012434</run_address>
         <size>0x14</size>
         <input_file_ref idref="fl-e"/>
      </object_component>
      <object_component id="oc-af">
         <name>.text:IntVTableBaseSet</name>
         <load_address>0x20012448</load_address>
         <run_address>0x20012448</run_address>
         <size>0x14</size>
         <input_file_ref idref="fl-23"/>
      </object_component>
      <object_component id="oc-476">
         <name>.text:Power_disablePolicy</name>
         <load_address>0x2001245c</load_address>
         <run_address>0x2001245c</run_address>
         <size>0x14</size>
         <input_file_ref idref="fl-13"/>
      </object_component>
      <object_component id="oc-8e8">
         <name>.text:Power_getDependencyCount</name>
         <load_address>0x20012470</load_address>
         <run_address>0x20012470</run_address>
         <size>0x14</size>
         <input_file_ref idref="fl-13"/>
      </object_component>
      <object_component id="oc-a6c">
         <name>.text:releasePowerConstraint</name>
         <load_address>0x20012484</load_address>
         <run_address>0x20012484</run_address>
         <size>0x14</size>
         <input_file_ref idref="fl-16"/>
      </object_component>
      <object_component id="oc-516">
         <name>.text:strlen</name>
         <load_address>0x20012498</load_address>
         <run_address>0x20012498</run_address>
         <size>0x14</size>
         <input_file_ref idref="fl-ff"/>
      </object_component>
      <object_component id="oc-374">
         <name>.text:HwiP_Params_init</name>
         <load_address>0x200124ac</load_address>
         <run_address>0x200124ac</run_address>
         <size>0x12</size>
         <input_file_ref idref="fl-1c"/>
      </object_component>
      <object_component id="oc-64a">
         <name>.text:I2CMasterIntClearEx</name>
         <load_address>0x200124be</load_address>
         <run_address>0x200124be</run_address>
         <size>0x12</size>
         <input_file_ref idref="fl-22"/>
      </object_component>
      <object_component id="oc-931">
         <name>.text:RingBuf_construct</name>
         <load_address>0x200124d0</load_address>
         <run_address>0x200124d0</run_address>
         <size>0x12</size>
         <input_file_ref idref="fl-18"/>
      </object_component>
      <object_component id="oc-a8f">
         <name>.text:TimerIntClear</name>
         <load_address>0x200124e2</load_address>
         <run_address>0x200124e2</run_address>
         <size>0x12</size>
         <input_file_ref idref="fl-26"/>
      </object_component>
      <object_component id="oc-11a">
         <name>.text:main</name>
         <load_address>0x200124f4</load_address>
         <run_address>0x200124f4</run_address>
         <size>0x12</size>
         <input_file_ref idref="fl-4"/>
      </object_component>
      <object_component id="oc-54b">
         <name>.text:wcslen</name>
         <load_address>0x20012506</load_address>
         <run_address>0x20012506</run_address>
         <size>0x12</size>
         <input_file_ref idref="fl-104"/>
      </object_component>
[...]
      </symbol>
      <symbol id="sm-b41">
         <name>HwiP_disableInterrupt</name>
         <value>0x20012615</value>
         <object_component_ref idref="oc-689"/>
      </symbol>
      <symbol id="sm-b71">
         <name>PowerCC32XX_initPolicy</name>
         <value>0x2000e4c7</value>
         <object_component_ref idref="oc-418"/>
      </symbol>
      <symbol id="sm-b72">
         <name>PowerCC32XX_sleepPolicy</name>
         <value>0x2000db65</value>
         <object_component_ref idref="oc-41e"/>
      </symbol>
      <symbol id="sm-bc7">
         <name>resetISR</name>
         <value>0x200121d5</value>
         <object_component_ref idref="oc-21"/>
      </symbol>
      <symbol id="sm-bc8">
         <name>resetVectorAddr</name>
         <value>0x200121e8</value>
         <object_component_ref idref="oc-21"/>
      </symbol>
      <symbol id="sm-bc9">
         <name>initVectors</name>
         <value>0x20011a81</value>
         <object_component_ref idref="oc-59"/>
      </symbol>
      <symbol id="sm-bca">
         <name>resetVectors</name>
         <value>0x20004000</value>
         <object_component_ref idref="oc-27"/>
      </symbol>
      <symbol id="sm-bfa">
         <name>SwiP_disable</name>
         <value>0x2001214d</value>
         <object_component_ref idref="oc-592"/>
      </symbol>
      <symbol id="sm-bfb">
         <name>SwiP_restore</name>
         <value>0x200115d9</value>
         <object_component_ref idref="oc-5cc"/>
      </symbol>
      <symbol id="sm-c06">
         <name>CPUcpsid</name>
         <value>0x200123f7</value>
         <object_component_ref idref="oc-a3"/>
      </symbol>
      <symbol id="sm-c73">
         <name>I2CRxFIFOFlush</name>
         <value>0x20012237</value>
         <object_component_ref idref="oc-82a"/>
      </symbol>
      <symbol id="sm-c74">
         <name>I2CTxFIFOFlush</name>
         <value>0x2001224f</value>
         <object_component_ref idref="oc-824"/>
      </symbol>
      <symbol id="sm-c75">
         <name>I2CFIFODataPutNonBlocking</name>
         <value>0x20011e6f</value>
         <object_component_ref idref="oc-668"/>
      </symbol>
      <symbol id="sm-c76">
         <name>I2CMasterBusBusy</name>
         <value>0x200121ef</value>
         <object_component_ref idref="oc-830"/>
      </symbol>
      <symbol id="sm-c77">
         <name>I2CMasterIntDisableEx</name>
         <value>0x20012207</value>
         <object_component_ref idref="oc-656"/>
      </symbol>
      <symbol id="sm-c78">
         <name>I2CMasterBurstLengthSet</name>
         <value>0x20012389</value>
         <object_component_ref idref="oc-805"/>
      </symbol>
      <symbol id="sm-c79">
         <name>I2CMasterIntClearEx</name>
         <value>0x200124bf</value>
         <object_component_ref idref="oc-64a"/>
      </symbol>
      <symbol id="sm-c7a">
         <name>I2CMasterSlaveAddrSet</name>
         <value>0x20012015</value>
         <object_component_ref idref="oc-7f9"/>
      </symbol>
      <symbol id="sm-c7b">
         <name>I2CMasterIntEnableEx</name>
         <value>0x2001221f</value>
         <object_component_ref idref="oc-80b"/>
      </symbol>
      <symbol id="sm-c7c">
         <name>I2CFIFOStatus</name>
         <value>0x20012599</value>
         <object_component_ref idref="oc-66e"/>
      </symbol>
      <symbol id="sm-c7d">
         <name>I2CMasterIntStatusEx</name>
         <value>0x200120b9</value>
         <object_component_ref idref="oc-644"/>
      </symbol>
      <symbol id="sm-c7e">
         <name>I2CFIFODataGetNonBlocking</name>
         <value>0x20011f11</value>
         <object_component_ref idref="oc-7f1"/>
      </symbol>
      <symbol id="sm-cc3">
         <name>IntVTableBaseSet</name>
         <value>0x20012449</value>
         <object_component_ref idref="oc-af"/>
      </symbol>
      <symbol id="sm-cc4">
         <name>IntEnable</name>
         <value>0x2000f7f9</value>
         <object_component_ref idref="oc-b5"/>
      </symbol>
      <symbol id="sm-cc5">
         <name>IntMasterDisable</name>
         <value>0x200126c5</value>
         <object_component_ref idref="oc-53"/>
      </symbol>
      <symbol id="sm-cc6">
         <name>IntPendSet</name>
         <value>0x2000ff49</value>
         <object_component_ref idref="oc-8fe"/>
      </symbol>
      <symbol id="sm-d00">
         <name>PinModeGet</name>
         <value>0x20011c35</value>
         <object_component_ref idref="oc-2bc"/>
      </symbol>
      <symbol id="sm-d01">
         <name>PinConfigSet</name>
         <value>0x2000ffd1</value>
         <object_component_ref idref="oc-368"/>
      </symbol>
      <symbol id="sm-d02">
         <name>PinModeSet</name>
         <value>0x2001176d</value>
         <object_component_ref idref="oc-2c2"/>
      </symbol>
      <symbol id="sm-d03">
         <name>PinToPadGet</name>
         <value>0x20012131</value>
         <object_component_ref idref="oc-8cc"/>
      </symbol>
      <symbol id="sm-dcc">
         <name>PRCMLPDSRestoreInfoSet</name>
         <value>0x2001150d</value>
         <object_component_ref idref="oc-8e0"/>
      </symbol>
      <symbol id="sm-dcd">
         <name>PRCMPeripheralReset</name>
         <value>0x20010ccd</value>
         <object_component_ref idref="oc-2b0"/>
      </symbol>
      <symbol id="sm-dce">
         <name>PRCMLPDSEnter</name>
         <value>0x2001131d</value>
         <object_component_ref idref="oc-77a"/>
      </symbol>
      <symbol id="sm-dcf">
         <name>PRCMPeripheralClkEnable</name>
         <value>0x20011365</value>
         <object_component_ref idref="oc-2aa"/>
      </symbol>
      <symbol id="sm-dd0">
         <name>PRCMLPDSEnterKeepDebugIf</name>
         <value>0x200119d9</value>
         <object_component_ref idref="oc-780"/>
      </symbol>
      <symbol id="sm-dd1">
         <name>PRCMCC3200MCUInit</name>
         <value>0x2000ca91</value>
         <object_component_ref idref="oc-1d3"/>
      </symbol>
      <symbol id="sm-dd2">
         <name>PRCMHIBRegWrite</name>
         <value>0x200123b5</value>
         <object_component_ref idref="oc-29e"/>
      </symbol>
      <symbol id="sm-dd3">
         <name>PRCMSysResetCauseGet</name>
         <value>0x20010b01</value>
         <object_component_ref idref="oc-297"/>
      </symbol>
      <symbol id="sm-dd4">
         <name>PRCMPeripheralClkDisable</name>
         <value>0x20011e99</value>
         <object_component_ref idref="oc-2b6"/>
      </symbol>
      <symbol id="sm-dd5">
         <name>PRCMHIBRegRead</name>
         <value>0x2001239f</value>
         <object_component_ref idref="oc-2a4"/>
      </symbol>
      <symbol id="sm-e1d">
         <name>TimerLoadSet</name>
         <value>0x20011e1b</value>
         <object_component_ref idref="oc-9d4"/>
      </symbol>
      <symbol id="sm-e1e">
         <name>TimerDisable</name>
         <value>0x200120f5</value>
         <object_component_ref idref="oc-9e8"/>
      </symbol>
      <symbol id="sm-e1f">
         <name>TimerEnable</name>
         <value>0x20012113</value>
         <object_component_ref idref="oc-9e1"/>
      </symbol>
      <symbol id="sm-e20">
         <name>TimerIntDisable</name>
         <value>0x200122b1</value>
         <object_component_ref idref="oc-9ee"/>
      </symbol>
      <symbol id="sm-e21">
         <name>TimerPrescaleSet</name>
         <value>0x20011e45</value>
         <object_component_ref idref="oc-9ce"/>
      </symbol>
      <symbol id="sm-e22">
         <name>TimerControlStall</name>
         <value>0x20011b61</value>
         <object_component_ref idref="oc-a87"/>
      </symbol>
      <symbol id="sm-e23">
         <name>TimerIntEnable</name>
         <value>0x200122c9</value>
         <object_component_ref idref="oc-9db"/>
      </symbol>
      <symbol id="sm-e24">
         <name>TimerIntClear</name>
         <value>0x200124e3</value>
         <object_component_ref idref="oc-a8f"/>
      </symbol>
      <symbol id="sm-e38">
         <name>UARTBusy</name>
         <value>0x200122e1</value>
         <object_component_ref idref="oc-986"/>
      </symbol>
      <symbol id="sm-e39">
         <name>UARTIntEnable</name>
         <value>0x200122f9</value>
         <object_component_ref idref="oc-a72"/>
      </symbol>
      <symbol id="sm-e3d">
         <name>UtilsDelay</name>
         <value>0x2001271f</value>
         <object_component_ref idref="oc-29d"/>
      </symbol>
      <symbol id="sm-e4d">
         <name>FlashDisable</name>
         <value>0x200112d5</value>
         <object_component_ref idref="oc-8f6"/>
      </symbol>
      <symbol id="sm-e7c">
         <name>snprintf</name>
         <value>0x20011289</value>
         <object_component_ref idref="oc-21d"/>
      </symbol>
      <symbol id="sm-e86">
         <name>__aeabi_fmul</name>
         <value>0x200104e7</value>
         <object_component_ref idref="oc-3a8"/>
      </symbol>
      <symbol id="sm-e90">
         <name>__aeabi_f2iz</name>
         <value>0x20011af1</value>
         <object_component_ref idref="oc-3ad"/>
      </symbol>
      <symbol id="sm-e9b">
         <name>__aeabi_i2f</name>
         <value>0x20011b29</value>
         <object_component_ref idref="oc-3a3"/>
      </symbol>
      <symbol id="sm-ea4">
         <name>__aeabi_lmul</name>
         <value>0x20012371</value>
         <object_component_ref idref="oc-5c1"/>
      </symbol>
      <symbol id="sm-ebf">
         <name>memcpy</name>
         <value>0x2000fbc9</value>
         <object_component_ref idref="oc-3b"/>
      </symbol>
      <symbol id="sm-ec0">
         <name>__aeabi_memcpy</name>
         <value>0x2000fbc9</value>
         <object_component_ref idref="oc-3b"/>
      </symbol>
      <symbol id="sm-ec1">
         <name>__aeabi_memcpy8</name>
         <value>0x2000fbc9</value>
         <object_component_ref idref="oc-3b"/>
      </symbol>
      <symbol id="sm-ec2">
         <name>__aeabi_memcpy4</name>
         <value>0x2000fbc9</value>
         <object_component_ref idref="oc-3b"/>
      </symbol>
      <symbol id="sm-ecf">
         <name>__aeabi_uldivmod</name>
         <value>0x2000fd95</value>
         <object_component_ref idref="oc-5b6"/>
      </symbol>
      <symbol id="sm-ee1">
         <name>__TI_zero_init</name>
         <value>0x2001268d</value>
         <object_component_ref idref="oc-4d"/>
      </symbol>
      <symbol id="sm-ef8">
         <name>__TI_decompress_none</name>
         <value>0x2001265b</value>
         <object_component_ref idref="oc-1a"/>
      </symbol>
      <symbol id="sm-f1b">
         <name>__TI_decompress_lzss</name>
         <value>0x20010969</value>
         <object_component_ref idref="oc-14"/>
      </symbol>
      <symbol id="sm-fa4">
         <name>_sys_memory</name>
         <value>0x20004040</value>
         <object_component_ref idref="oc-2a"/>
      </symbol>
      <symbol id="sm-fa5">
         <name>free</name>
         <value>0x2000ee61</value>
         <object_component_ref idref="oc-43a"/>
      </symbol>
      <symbol id="sm-fa6">
         <name>memalign</name>
         <value>0x2000ea75</value>
         <object_component_ref idref="oc-6b7"/>
      </symbol>
      <symbol id="sm-fa7">
         <name>malloc</name>
         <value>0x200126f5</value>
         <object_component_ref idref="oc-4f4"/>
      </symbol>
      <symbol id="sm-fa8">
         <name>aligned_alloc</name>
         <value>0x2000ea75</value>
         <object_component_ref idref="oc-6b7"/>
      </symbol>
      <symbol id="sm-fba">
         <name>__stack</name>
         <value>0x20003000</value>
         <object_component_ref idref="oc-2d"/>
      </symbol>
      <symbol id="sm-fbb">
         <name>_c_int00_noargs</name>
         <value>0x20011ff1</value>
         <object_component_ref idref="oc-c5"/>
      </symbol>
      <symbol id="sm-1120">
         <name>__TI_printfi</name>
         <value>0x2000c041</value>
         <object_component_ref idref="oc-3b3"/>
      </symbol>
      <symbol id="sm-112a">
         <name>__aeabi_idiv0</name>
         <value>0x2001101b</value>
         <object_component_ref idref="oc-74b"/>
      </symbol>
      <symbol id="sm-112b">
         <name>__aeabi_ldiv0</name>
         <value>0x2001101b</value>
         <object_component_ref idref="oc-74b"/>
      </symbol>
      <symbol id="sm-1142">
         <name>__aeabi_dsub</name>
         <value>0x2000d9ad</value>
         <object_component_ref idref="oc-6e6"/>
      </symbol>
      <symbol id="sm-1143">
         <name>__aeabi_dadd</name>
         <value>0x2000d9b7</value>
         <object_component_ref idref="oc-6e6"/>
      </symbol>
      <symbol id="sm-1165">
         <name>__aeabi_cdcmpeq</name>
         <value>0x200100e1</value>
         <object_component_ref idref="oc-528"/>
      </symbol>
      <symbol id="sm-1166">
         <name>__aeabi_cdcmple</name>
         <value>0x200100e1</value>
         <object_component_ref idref="oc-528"/>
      </symbol>
      <symbol id="sm-1167">
         <name>__aeabi_cdrcmple</name>
         <value>0x20010167</value>
         <object_component_ref idref="oc-6d1"/>
      </symbol>
      <symbol id="sm-117b">
         <name>__aeabi_ddiv</name>
         <value>0x2000e391</value>
         <object_component_ref idref="oc-6cc"/>
      </symbol>
      <symbol id="sm-1186">
         <name>__aeabi_dmul</name>
         <value>0x2000ec71</value>
         <object_component_ref idref="oc-6c7"/>
      </symbol>
      <symbol id="sm-1190">
         <name>__aeabi_d2iz</name>
         <value>0x200113f5</value>
         <object_component_ref idref="oc-6d6"/>
      </symbol>
      <symbol id="sm-119a">
         <name>__aeabi_i2d</name>
         <value>0x20011d95</value>
         <object_component_ref idref="oc-6e1"/>
      </symbol>
      <symbol id="sm-11a9">
         <name>__aeabi_memset</name>
         <value>0x20010563</value>
         <object_component_ref idref="oc-9d"/>
      </symbol>
      <symbol id="sm-11aa">
         <name>memset</name>
         <value>0x20010569</value>
         <object_component_ref idref="oc-9d"/>
      </symbol>
      <symbol id="sm-11ab">
         <name>__aeabi_memset8</name>
         <value>0x20010563</value>
         <object_component_ref idref="oc-9d"/>
      </symbol>
      <symbol id="sm-11ac">
         <name>__aeabi_memset4</name>
         <value>0x20010563</value>
         <object_component_ref idref="oc-9d"/>
      </symbol>
      <symbol id="sm-11ad">
         <name>__aeabi_memclr8</name>
         <value>0x20010561</value>
         <object_component_ref idref="oc-9d"/>
      </symbol>
      <symbol id="sm-11ae">
         <name>__aeabi_memclr4</name>
         <value>0x20010561</value>
         <object_component_ref idref="oc-9d"/>
      </symbol>
      <symbol id="sm-11af">
         <name>__aeabi_memclr</name>
         <value>0x20010561</value>
         <object_component_ref idref="oc-9d"/>
      </symbol>
      <symbol id="sm-11d7">
         <name>__TI_auto_init_nobinit_nopinit</name>
         <value>0x200116a5</value>
         <object_component_ref idref="oc-172"/>
      </symbol>
      <symbol id="sm-11e1">
         <name>_system_pre_init</name>
         <value>0x20012731</value>
         <object_component_ref idref="oc-114"/>
      </symbol>
      <symbol id="sm-11ed">
         <name>C$$EXIT</name>
         <value>0x20012735</value>
         <object_component_ref idref="oc-166"/>
      </symbol>
      <symbol id="sm-11ee">
         <name>abort</name>
         <value>0x20012735</value>
         <object_component_ref idref="oc-166"/>
      </symbol>
      <symbol id="sm-1203">
         <name>_nop</name>
         <value>0x2000f0df</value>
         <object_component_ref idref="oc-3e0"/>
      </symbol>
      <symbol id="sm-1204">
         <name>_lock</name>
         <value>0x20012cdc</value>
         <object_component_ref idref="oc-24f"/>
      </symbol>
      <symbol id="sm-1205">
         <name>_unlock</name>
         <value>0x20012ce0</value>
         <object_component_ref idref="oc-24f"/>
      </symbol>
      <symbol id="sm-1214">
         <name>__TI_ltoa</name>
         <value>0x20010e29</value>
         <object_component_ref idref="oc-6db"/>
      </symbol>
      <symbol id="sm-122b">
         <name>atoi</name>
         <value>0x200111f1</value>
         <object_component_ref idref="oc-51c"/>
      </symbol>
      <symbol id="sm-1236">
         <name>_ctypes_</name>
         <value>0x20012d08</value>
         <object_component_ref idref="oc-6c0"/>
      </symbol>
      <symbol id="sm-1246">
         <name>memccpy</name>
         <value>0x20012185</value>
         <object_component_ref idref="oc-545"/>
      </symbol>
      <symbol id="sm-1256">
         <name>strchr</name>
         <value>0x200123e1</value>
         <object_component_ref idref="oc-712"/>
      </symbol>
      <symbol id="sm-1264">
         <name>strlen</name>
         <value>0x20012499</value>
         <object_component_ref idref="oc-516"/>
      </symbol>
      <symbol id="sm-127a">
         <name>__aeabi_errno_addr</name>
         <value>0x200126ed</value>
         <object_component_ref idref="oc-551"/>
      </symbol>
      <symbol id="sm-127b">
         <name>errno</name>
         <value>0x20012d04</value>
         <object_component_ref idref="oc-722"/>
      </symbol>
      <symbol id="sm-129b">
         <name>frexpl</name>
         <value>0x20010bbd</value>
         <object_component_ref idref="oc-706"/>
      </symbol>
      <symbol id="sm-129c">
         <name>frexp</name>
         <value>0x20010bbd</value>
         <object_component_ref idref="oc-706"/>
      </symbol>
      <symbol id="sm-12ba">
         <name>scalbn</name>
         <value>0x2000ef45</value>
         <object_component_ref idref="oc-70c"/>
      </symbol>
      <symbol id="sm-12bb">
         <name>scalbnl</name>
         <value>0x2000ef45</value>
         <object_component_ref idref="oc-70c"/>
      </symbol>
      <symbol id="sm-12bc">
         <name>ldexpl</name>
         <value>0x2000ef45</value>
         <object_component_ref idref="oc-70c"/>
      </symbol>
      <symbol id="sm-12bd">
         <name>ldexp</name>
         <value>0x2000ef45</value>
         <object_component_ref idref="oc-70c"/>
      </symbol>
      <symbol id="sm-12c7">
         <name>copysign</name>
         <value>0x20012681</value>
         <object_component_ref idref="oc-896"/>
      </symbol>
      <symbol id="sm-12c8">
         <name>copysignl</name>
         <value>0x20012681</value>
         <object_component_ref idref="oc-896"/>
      </symbol>
      <symbol id="sm-12e1">
         <name>wcslen</name>
         <value>0x20012507</value>
         <object_component_ref idref="oc-54b"/>
      </symbol>
      <symbol id="sm-12e2">
         <name>__TI_static_base__</name>
         <value>0x20013628</value>
      </symbol>
      <symbol id="sm-12e5">
         <name>ITM_flush</name>
         <value>0x0</value>
      </symbol>
      <symbol id="sm-12e6">
         <name>ITM_restore</name>
         <value>0x0</value>
      </symbol>
      <symbol id="sm-12e7">
         <name>__mpu_init</name>
         <value>0x0</value>
      </symbol>
      <symbol id="sm-12e8">
         <name>_system_post_cinit</name>
         <value>0x0</value>
      </symbol>
      <symbol id="sm-12e9">
         <name>NoRTOS_start</name>
         <value>0x20012623</value>
      </symbol>
   </symbol_table>
   <title>Link successful</title>
</link_info>
