******************************************************************************
                  TI ARM Linker PC v20.2.6                     
******************************************************************************
>> Linked Sat Apr 16 20:12:55 2022

OUTPUT FILE NAME:   <gpiointerrupt_CC3220S_LAUNCHXL_nortos_ccs.out>
ENTRY POINT SYMBOL: "resetISR"  address: 200121d5


MEMORY CONFIGURATION

         name            origin    length      used     unused   attr    fill
----------------------  --------  ---------  --------  --------  ----  --------
  SRAM2                 20000000   00004000  0000130c  00002cf4  RW X
  SRAM                  20004000   0003c000  0000f70e  0002c8f2  RW X
  LOG_DATA              90000000   00040000  00000000  00040000  R   


SEGMENT ALLOCATION MAP

run origin  load origin   length   init length attrs members
----------  ----------- ---------- ----------- ----- -------
20003000    20003000    00001000   00000000    rw-
  20003000    20003000    00001000   00000000    rw- .stack
20004000    20004000    00000040   00000040    r--
  20004000    20004000    00000040   00000040    r-- .resetVecs
20004040    20004040    00008000   00000000    rw-
  20004040    20004040    00008000   00000000    rw- .sysmem
2000c040    2000c040    000066f8   000066f8    r-x
  2000c040    2000c040    000066f8   000066f8    r-x .text
20012738    20012738    000005d0   00000000    rw-
  20012738    20012738    000005d0   00000000    rw- .data
20012d08    20012d08    0000051a   0000051a    r--
  20012d08    20012d08    0000051a   0000051a    r-- .const
20013228    20013228    000003fc   00000000    rw-
  20013228    20013228    000003fc   00000000    rw- .bss
20013628    20013628    000000f0   000000f0    r--
  20013628    20013628    000000f0   000000f0    r-- .cinit


SECTION ALLOCATION MAP

 output                                  attributes/
section   page    origin      length       input sections
--------  ----  ----------  ----------   ----------------
.text      0    2000c040    000066f8     
                  2000c040    00000a4e     rtsv7M4_T_le_eabi.lib : _printfi.c.obj (.text:__TI_printfi)
                  2000ca8e    00000002     ti_drivers_config.obj (.text:Board_initHook)
                  2000ca90    0000042c     driverlib.a : prcm.obj (.text:PRCMCC3200MCUInit)
                  2000cebc    00000288     drivers_cc32xx.a : UARTCC32XX.oem4 (.text:UARTCC32XX_open)
                  2000d144    00000268     rtsv7M4_T_le_eabi.lib : _printfi.c.obj (.text:_pconv_a)
                  2000d3ac    00000250     gpiointerrupt.obj (.text:initI2C)
                  2000d5fc    000001e4     drivers_cc32xx.a : GPIOCC32XX.oem4 (.text:GPIO_setConfig)
                  2000d7e0    000001cc     rtsv7M4_T_le_eabi.lib : _printfi.c.obj (.text:_pconv_g)
                  2000d9ac    000001b6                           : fd_add_t2.asm.obj (.text)
                  2000db62    00000002     drivers_cc32xx.a : I2C.oem4 (.text:I2C_init)
                  2000db64    0000019c     nortos_cc32xx.a : PowerCC32XX_nortos.oem4 (.text:PowerCC32XX_sleepPolicy)
                  2000dd00    0000018c     gpiointerrupt.obj (.text:mainThread)
                  2000de8c    00000148     drivers_cc32xx.a : I2CCC32XX.oem4 (.text:I2CCC32XX_hwiFxn)
                  2000dfd4    00000148                      : PowerCC32XX.oem4 (.text:parkPins)
                  2000e11c    0000013c     rtsv7M4_T_le_eabi.lib : _printfi.c.obj (.text:_pconv_e)
                  2000e258    00000138     drivers_cc32xx.a : PowerCC32XX.oem4 (.text:Power_sleep)
                  2000e390    00000136     rtsv7M4_T_le_eabi.lib : fd_div_t2.asm.obj (.text)
                  2000e4c6    00000002     nortos_cc32xx.a : PowerCC32XX_nortos.oem4 (.text:PowerCC32XX_initPolicy)
                  2000e4c8    00000128     drivers_cc32xx.a : TimerCC32XX.oem4 (.text:TimerCC32XX_open)
                  2000e5f0    00000122                      : I2C.oem4 (.text:I2C_transferTimeout)
                  2000e712    00000002                      : TimerCC32XX.oem4 (.text:TimerCC32XX_init)
                  2000e714    00000120                      : UARTCC32XX.oem4 (.text:UARTCC32XX_close)
                  2000e834    00000120     rtsv7M4_T_le_eabi.lib : _printfi.c.obj (.text:fcvt)
                  2000e954    00000120     gpiointerrupt.obj (.text:readTemp)
                  2000ea74    00000100     rtsv7M4_T_le_eabi.lib : memory.c.obj (.text:aligned_alloc)
                  2000eb74    000000fc     drivers_cc32xx.a : I2CCC32XX.oem4 (.text:I2C_open)
                  2000ec70    000000fc     rtsv7M4_T_le_eabi.lib : fd_mul_t2.asm.obj (.text)
                  2000ed6c    000000f2     drivers_cc32xx.a : UARTCC32XX.oem4 (.text:UARTCC32XX_control)
                  2000ee5e    00000002                      : UARTCC32XX.oem4 (.text:UARTCC32XX_init)
                  2000ee60    000000e4     rtsv7M4_T_le_eabi.lib : memory.c.obj (.text:free)
                  2000ef44    000000d0                           : s_scalbn.c.obj (.text:scalbn)
                  2000f014    000000ca     drivers_cc32xx.a : UARTCC32XX.oem4 (.text:UARTCC32XX_write)
                  2000f0de    00000002     rtsv7M4_T_le_eabi.lib : _lock.c.obj (.text:_nop)
                  2000f0e0    000000c4     drivers_cc32xx.a : GPIOCC32XX.oem4 (.text:GPIO_init)
                  2000f1a4    000000c0                      : PowerCC32XX.oem4 (.text:restoreParkedPins)
                  2000f264    000000ba                      : UARTCC32XX.oem4 (.text:UARTCC32XX_readPolling)
                  2000f31e    00000002     nortos_cc32xx.a : startup_cc32xx_ccs.oem4 (.text:busFaultHandler)
                  2000f320    000000b8     drivers_cc32xx.a : UARTCC32XX.oem4 (.text:initHw)
                  2000f3d8    000000b6                      : UARTCC32XX.oem4 (.text:readTaskCallback)
                  2000f48e    000000b2                      : I2CCC32XX.oem4 (.text:I2CCC32XX_completeTransfer)
                  2000f540    000000b1     rtsv7M4_T_le_eabi.lib : _printfi.c.obj (.text:_ltostr)
                  2000f5f1    00000001     --HOLE-- [fill = 0]
                  2000f5f2    000000b0     drivers_cc32xx.a : UARTCC32XX.oem4 (.text:readTaskBlocking)
                  2000f6a2    000000ae                      : UARTCC32XX.oem4 (.text:readIsrTextBlocking)
                  2000f750    000000a8                      : I2CCC32XX.oem4 (.text:I2CCC32XX_primeWriteBurst)
                  2000f7f8    000000a8     driverlib.a : interrupt.obj (.text:IntEnable)
                  2000f8a0    000000a8     drivers_cc32xx.a : PowerCC32XX.oem4 (.text:PowerCC32XX_configureWakeup)
                  2000f948    000000a2                      : UARTCC32XX.oem4 (.text:readIsrTextCallback)
                  2000f9ea    000000a2                      : UARTCC32XX.oem4 (.text:writeData)
                  2000fa8c    000000a0     nortos_cc32xx.a : SemaphoreP_nortos.oem4 (.text:SemaphoreP_pend)
                  2000fb2c    0000009c     drivers_cc32xx.a : I2CCC32XX.oem4 (.text:I2CCC32XX_initHw)
                  2000fbc8    0000009c     rtsv7M4_T_le_eabi.lib : memcpy_t2.asm.obj (.text)
                  2000fc64    00000098     drivers_cc32xx.a : GPIOCC32XX.oem4 (.text:powerNotifyFxn)
                  2000fcfc    00000098     gpiointerrupt.obj (.text:timerCallback)
                  2000fd94    00000096     rtsv7M4_T_le_eabi.lib : ull_div_t2.asm.obj (.text)
                  2000fe2a    00000002     nortos_cc32xx.a : SemaphoreP_nortos.oem4 (.text:clkFxn)
                  2000fe2c    00000090     drivers_cc32xx.a : PowerCC32XX.oem4 (.text:restoreNVICRegs)
                  2000febc    0000008c     nortos_cc32xx.a : HwiPCC32XX_nortos.oem4 (.text:HwiP_construct)
                  2000ff48    00000088     driverlib.a : interrupt.obj (.text:IntPendSet)
                  2000ffd0    00000088                 : pin.obj (.text:PinConfigSet)
                  20010058    00000088     drivers_cc32xx.a : TimerCC32XX.oem4 (.text:TimerCC32XX_setPeriod)
                  200100e0    00000086     rtsv7M4_T_le_eabi.lib : fd_cmp_t2.asm.obj (.text:__aeabi_cdcmple)
                  20010166    00000086                           : fd_cmp_t2.asm.obj (.text:__aeabi_cdrcmple)
                  200101ec    00000084     drivers_cc32xx.a : PowerCC32XX.oem4 (.text:Power_init)
                  20010270    00000084                      : PowerCC32XX.oem4 (.text:saveNVICRegs)
                  200102f4    00000080                      : PowerCC32XX.oem4 (.text:Power_setDependency)
                  20010374    0000007c     gpiointerrupt.obj (.text:TickFct_CheckButtons)
                  200103f0    0000007c     drivers_cc32xx.a : UARTCC32XX.oem4 (.text:readIsrBinaryBlocking)
                  2001046c    0000007a                      : I2CCC32XX.oem4 (.text:I2CCC32XX_primeReadBurst)
                  200104e6    0000007a     rtsv7M4_T_le_eabi.lib : fs_mul_t2.asm.obj (.text)
                  20010560    0000007a                           : memset_t2.asm.obj (.text)
                  200105da    00000002     nortos_cc32xx.a : startup_cc32xx_ccs.oem4 (.text:defaultHandler)
                  200105dc    00000078     drivers_cc32xx.a : GPIOCC32XX.oem4 (.text:GPIO_hwiIntFxn)
                  20010654    00000078                      : TimerCC32XX.oem4 (.text:TimerCC32XX_start)
                  200106cc    00000078                      : UARTCC32XX.oem4 (.text:readIsrBinaryCallback)
                  20010744    00000074                      : UARTCC32XX.oem4 (.text:UARTCC32XX_hwiIntFxn)
                  200107b8    00000070     rtsv7M4_T_le_eabi.lib : memory.c.obj (.text:split)
                  20010828    0000006e                           : _printfi.c.obj (.text:_mcpy)
                  20010896    0000006a     drivers_cc32xx.a : I2CCC32XX.oem4 (.text:I2CSupport_primeTransfer)
                  20010900    00000068     gpiointerrupt.obj (.text:TickFct_SetHeat)
                  20010968    00000068     rtsv7M4_T_le_eabi.lib : copy_decompress_lzss.c.obj (.text:decompress:lzss:__TI_decompress_lzss)
                  200109d0    00000066     drivers_cc32xx.a : UARTCC32XX.oem4 (.text:UARTCC32XX_writeCancel)
                  20010a36    00000002     nortos_cc32xx.a : startup_cc32xx_ccs.oem4 (.text:faultISR)
                  20010a38    00000064     drivers_cc32xx.a : PowerCC32XX.oem4 (.text:PowerCC32XX_setParkState)
                  20010a9c    00000062                      : UARTCC32XX.oem4 (.text:UARTCC32XX_writePolling)
                  20010afe    00000002     nortos_cc32xx.a : startup_cc32xx_ccs.oem4 (.text:nmiISR)
                  20010b00    00000060     driverlib.a : prcm.obj (.text:PRCMSysResetCauseGet)
                  20010b60    0000005c     drivers_cc32xx.a : GPIOCC32XX.oem4 (.text:GPIO_setCallback)
                  20010bbc    0000005c     rtsv7M4_T_le_eabi.lib : s_frexp.c.obj (.text:frexp)
                  20010c18    0000005c     nortos_cc32xx.a : ClockPSysTick_nortos.oem4 (.text:sysTickInit)
                  20010c74    00000058     drivers_cc32xx.a : GPIOCC32XX.oem4 (.text:GPIO_write)
                  20010ccc    00000058     driverlib.a : prcm.obj (.text:PRCMPeripheralReset)
                  20010d24    00000058     drivers_cc32xx.a : PowerCC32XX.oem4 (.text:Power_releaseDependency)
                  20010d7c    00000056                      : TimerCC32XX.oem4 (.text:TimerCC32XX_stop)
                  20010dd2    00000056     rtsv7M4_T_le_eabi.lib : _printfi.c.obj (.text:_pconv_f)
                  20010e28    00000054                           : _ltoa.c.obj (.text:__TI_ltoa)
                  20010e7c    00000054     gpiointerrupt.obj (.text:initTimer)
                  20010ed0    00000054     drivers_cc32xx.a : UARTCC32XX.oem4 (.text:ringBufGet)
                  20010f24    00000052                      : PowerCC32XX_asm.oem4 (.text:PowerCC32XX_resumeLPDS)
                  20010f76    00000052     rtsv7M4_T_le_eabi.lib : _printfi.c.obj (.text:_ecpy)
                  20010fc8    00000052     drivers_cc32xx.a : TimerCC32XX.oem4 (.text:initHw)
                  2001101a    00000002     rtsv7M4_T_le_eabi.lib : div0.asm.obj (.text)
                  2001101c    00000050     nortos_cc32xx.a : ClockPSysTick_nortos.oem4 (.text:ClockP_sysTickHandler)
                  2001106c    00000050                     : SemaphoreP_nortos.oem4 (.text:SemaphoreP_construct)
                  200110bc    00000050     drivers_cc32xx.a : TimerCC32XX.oem4 (.text:TimerCC32XX_allocateTimerResource)
                  2001110c    0000004c                      : GPIOCC32XX.oem4 (.text:GPIO_enableInt)
                  20011158    0000004c                      : I2CCC32XX.oem4 (.text:I2CCC32XX_readRecieveFifo)
                  200111a4    0000004c                      : PowerCC32XX.oem4 (.text:PowerCC32XX_parkPin)
                  200111f0    0000004c     rtsv7M4_T_le_eabi.lib : atoi.c.obj (.text:atoi)
                  2001123c    0000004c     drivers_cc32xx.a : PowerCC32XX.oem4 (.text:restorePeriphClocks)
                  20011288    0000004c     rtsv7M4_T_le_eabi.lib : snprintf.c.obj (.text:snprintf)
                  200112d4    00000048     driverlib.a : flash.obj (.text:FlashDisable)
                  2001131c    00000048                 : prcm.obj (.text:PRCMLPDSEnter)
                  20011364    00000048                 : prcm.obj (.text:PRCMPeripheralClkEnable)
                  200113ac    00000048     drivers_cc32xx.a : PowerCC32XX.oem4 (.text:Power_releaseConstraint)
                  200113f4    00000048     rtsv7M4_T_le_eabi.lib : fd_toi_t2.asm.obj (.text)
                  2001143c    00000046     drivers_cc32xx.a : RingBuf.oem4 (.text:RingBuf_put)
                  20011482    00000046                      : TimerCC32XX.oem4 (.text:getPrescaler)
                  200114c8    00000044     nortos_cc32xx.a : ClockPSysTick_nortos.oem4 (.text:ClockP_stop)
                  2001150c    00000044     driverlib.a : prcm.obj (.text:PRCMLPDSRestoreInfoSet)
                  20011550    00000044     drivers_cc32xx.a : PowerCC32XX_asm.oem4 (.text:PowerCC32XX_enterLPDS)
                  20011594    00000044     nortos_cc32xx.a : SemaphoreP_nortos.oem4 (.text:SemaphoreP_post)
                  200115d8    00000044                     : SwiP_nortos.oem4 (.text:SwiP_restore)
                  2001161c    00000044     drivers_cc32xx.a : Timer.oem4 (.text:Timer_init)
                  20011660    00000044                      : UART.oem4 (.text:UART_init)
                  200116a4    00000044     rtsv7M4_T_le_eabi.lib : autoinit.c.obj (.text:__TI_auto_init_nobinit_nopinit:__TI_auto_init_nobinit_nopinit)
                  200116e8    00000044     gpiointerrupt.obj (.text:initUART)
                  2001172c    00000040     nortos_cc32xx.a : ClockPSysTick_nortos.oem4 (.text:ClockP_construct)
                  2001176c    00000040     driverlib.a : pin.obj (.text:PinModeSet)
                  200117ac    00000040     drivers_cc32xx.a : RingBuf.oem4 (.text:RingBuf_get)
                  200117ec    00000040                      : Timer.oem4 (.text:Timer_open)
                  2001182c    00000040                      : UARTCC32XX.oem4 (.text:UARTCC32XX_read)
                  2001186c    00000040                      : UART.oem4 (.text:UART_open)
                  200118ac    0000003e     rtsv7M4_T_le_eabi.lib : _printfi.c.obj (.text:_fcpy)
                  200118ea    00000002     --HOLE-- [fill = 0]
                  200118ec    0000003c     nortos_cc32xx.a : ClockPSysTick_nortos.oem4 (.text:ClockP_destruct)
                  20011928    0000003c     drivers_cc32xx.a : PowerCC32XX.oem4 (.text:Power_setConstraint)
                  20011964    0000003a                      : TimerCC32XX.oem4 (.text:TimerCC32XX_close)
                  2001199e    0000003a     nortos_cc32xx.a : PowerCC32XX_nortos.oem4 (.text:getCountsRTC)
                  200119d8    00000038     driverlib.a : prcm.obj (.text:PRCMLPDSEnterKeepDebugIf)
                  20011a10    00000038     drivers_cc32xx.a : TimerCC32XX.oem4 (.text:TimerCC32XX_hwiIntFunction)
                  20011a48    00000038     nortos_cc32xx.a : ClockPSysTick_nortos.oem4 (.text:addToList)
                  20011a80    00000038                     : startup_cc32xx_ccs.oem4 (.text:initVectors)
                  20011ab8    00000038     drivers_cc32xx.a : PowerCC32XX.oem4 (.text:notify)
                  20011af0    00000038     rtsv7M4_T_le_eabi.lib : fs_toi_t2.asm.obj (.text)
                  20011b28    00000038                           : i_tofs_t2.asm.obj (.text)
                  20011b60    00000036     driverlib.a : timer.obj (.text:TimerControlStall)
                  20011b96    00000036     drivers_cc32xx.a : UARTCC32XX.oem4 (.text:UARTCC32XX_readCancel)
                  20011bcc    00000034     nortos_cc32xx.a : ClockPSysTick_nortos.oem4 (.text:ClockP_getTicksUntilInterrupt)
                  20011c00    00000034                     : ClockPSysTick_nortos.oem4 (.text:ClockP_startup)
                  20011c34    00000034     driverlib.a : pin.obj (.text:PinModeGet)
                  20011c68    00000034     drivers_cc32xx.a : PowerCC32XX.oem4 (.text:PowerCC32XX_restoreParkState)
                  20011c9c    00000034                      : TimerCC32XX.oem4 (.text:TimerCC32XX_freeTimerResource)
                  20011cd0    00000034                      : TimerCC32XX.oem4 (.text:getPowerMgrId)
                  20011d04    00000030     nortos_cc32xx.a : ClockPSysTick_nortos.oem4 (.text:ClockP_start)
                  20011d34    00000030     drivers_cc32xx.a : PowerCC32XX.oem4 (.text:PowerCC32XX_restoreParkedPin)
                  20011d64    00000030     rtsv7M4_T_le_eabi.lib : snprintf.c.obj (.text:_outs)
                  20011d94    0000002e                           : i_tofd_t2.asm.obj (.text)
                  20011dc2    00000002     --HOLE-- [fill = 0]
                  20011dc4    0000002c     drivers_cc32xx.a : PowerCC32XX.oem4 (.text:PowerCC32XX_getParkState)
                  20011df0    0000002a     nortos_cc32xx.a : HwiPCC32XX_nortos.oem4 (.text:HwiP_create)
                  20011e1a    0000002a     driverlib.a : timer.obj (.text:TimerLoadSet)
                  20011e44    0000002a                 : timer.obj (.text:TimerPrescaleSet)
                  20011e6e    00000028                 : i2c.obj (.text:I2CFIFODataPutNonBlocking)
                  20011e96    00000002     --HOLE-- [fill = 0]
                  20011e98    00000028                 : prcm.obj (.text:PRCMPeripheralClkDisable)
                  20011ec0    00000028     drivers_cc32xx.a : PowerCC32XX.oem4 (.text:Power_registerNotify)
                  20011ee8    00000028     rtsv7M4_T_le_eabi.lib : memory.c.obj (.text:free_list_insert)
                  20011f10    00000026     driverlib.a : i2c.obj (.text:I2CFIFODataGetNonBlocking)
                  20011f36    00000026     drivers_cc32xx.a : I2C.oem4 (.text:I2C_cancel)
                  20011f5c    00000026                      : List.oem4 (.text:List_put)
                  20011f82    00000026                      : List.oem4 (.text:List_remove)
                  20011fa8    00000024     nortos_cc32xx.a : HwiPCC32XX_nortos.oem4 (.text:HwiP_dispatch)
                  20011fcc    00000024     drivers_cc32xx.a : PowerCC32XX.oem4 (.text:PowerCC32XX_reset)
                  20011ff0    00000024     rtsv7M4_T_le_eabi.lib : boot_cortex_m.c.obj (.text:_c_int00_noargs:_c_int00_noargs)
                  20012014    00000022     driverlib.a : i2c.obj (.text:I2CMasterSlaveAddrSet)
                  20012036    00000020     nortos_cc32xx.a : HwiPCC32XX_nortos.oem4 (.text:HwiP_destruct)
                  20012056    00000002     --HOLE-- [fill = 0]
                  20012058    00000020     drivers_cc32xx.a : PowerCC32XX.oem4 (.text:Power_unregisterNotify)
                  20012078    00000020                      : RingBuf.oem4 (.text:RingBuf_peek)
                  20012098    00000020                      : UARTCC32XX.oem4 (.text:getPowerMgrId)
                  200120b8    0000001e     driverlib.a : i2c.obj (.text:I2CMasterIntStatusEx)
                  200120d6    0000001e     nortos_cc32xx.a : SemaphoreP_nortos.oem4 (.text:SemaphoreP_constructBinary)
                  200120f4    0000001e     driverlib.a : timer.obj (.text:TimerDisable)
                  20012112    0000001e                 : timer.obj (.text:TimerEnable)
                  20012130    0000001c                 : pin.obj (.text:PinToPadGet)
                  2001214c    0000001c     nortos_cc32xx.a : SwiP_nortos.oem4 (.text:SwiP_disable)
                  20012168    0000001c     rtsv7M4_T_le_eabi.lib : memory.c.obj (.text:free_list_remove)
                  20012184    0000001c                           : memccpy.c.obj (.text:memccpy)
                  200121a0    0000001a     nortos_cc32xx.a : ClockPSysTick_nortos.oem4 (.text:ClockP_create)
                  200121ba    0000001a                     : SemaphoreP_nortos.oem4 (.text:SemaphoreP_createBinary)
                  200121d4    0000001a                     : startup_cc32xx_ccs.oem4 (.text:resetISR)
                  200121ee    00000018     driverlib.a : i2c.obj (.text:I2CMasterBusBusy)
                  20012206    00000018                 : i2c.obj (.text:I2CMasterIntDisableEx)
                  2001221e    00000018                 : i2c.obj (.text:I2CMasterIntEnableEx)
                  20012236    00000018                 : i2c.obj (.text:I2CRxFIFOFlush)
                  2001224e    00000018                 : i2c.obj (.text:I2CTxFIFOFlush)
                  20012266    00000002     --HOLE-- [fill = 0]
                  20012268    00000018     drivers_cc32xx.a : PowerCC32XX.oem4 (.text:Power_getTransitionLatency)
                  20012280    00000018                      : PowerCC32XX.oem4 (.text:Power_idleFunc)
                  20012298    00000018                      : TimerCC32XX.oem4 (.text:TimerCC32XX_getCount)
                  200122b0    00000018     driverlib.a : timer.obj (.text:TimerIntDisable)
                  200122c8    00000018                 : timer.obj (.text:TimerIntEnable)
                  200122e0    00000018                 : uart.obj (.text:UARTBusy)
                  200122f8    00000018                 : uart.obj (.text:UARTIntEnable)
                  20012310    00000018     drivers_cc32xx.a : UART.oem4 (.text:UART_Params_init)
                  20012328    00000018     rtsv7M4_T_le_eabi.lib : snprintf.c.obj (.text:_outc)
                  20012340    00000018     gpiointerrupt.obj (.text:gpioButtonFxn0)
                  20012358    00000018     gpiointerrupt.obj (.text:gpioButtonFxn1)
                  20012370    00000018     rtsv7M4_T_le_eabi.lib : ll_mul_t2.asm.obj (.text)
                  20012388    00000016     driverlib.a : i2c.obj (.text:I2CMasterBurstLengthSet)
                  2001239e    00000016                 : prcm.obj (.text:PRCMHIBRegRead)
                  200123b4    00000016                 : prcm.obj (.text:PRCMHIBRegWrite)
                  200123ca    00000016     nortos_cc32xx.a : SemaphoreP_nortos.oem4 (.text:SemaphoreP_create)
                  200123e0    00000016     rtsv7M4_T_le_eabi.lib : strchr.c.obj (.text:strchr)
                  200123f6    00000014     driverlib.a : cpu.obj (.text:CPUcpsid)
                  2001240a    00000002     --HOLE-- [fill = 0]
                  2001240c    00000014     nortos_cc32xx.a : HwiPCC32XX_nortos.oem4 (.text:HwiP_inISR)
                  20012420    00000014     drivers_cc32xx.a : I2CCC32XX.oem4 (.text:I2CSupport_masterFinish)
                  20012434    00000014                      : I2C.oem4 (.text:I2C_transfer)
                  20012448    00000014     driverlib.a : interrupt.obj (.text:IntVTableBaseSet)
                  2001245c    00000014     drivers_cc32xx.a : PowerCC32XX.oem4 (.text:Power_disablePolicy)
                  20012470    00000014                      : PowerCC32XX.oem4 (.text:Power_getDependencyCount)
                  20012484    00000014                      : UARTCC32XX.oem4 (.text:releasePowerConstraint)
                  20012498    00000014     rtsv7M4_T_le_eabi.lib : strlen.c.obj (.text:strlen)
                  200124ac    00000012     nortos_cc32xx.a : HwiPCC32XX_nortos.oem4 (.text:HwiP_Params_init)
                  200124be    00000012     driverlib.a : i2c.obj (.text:I2CMasterIntClearEx)
                  200124d0    00000012     drivers_cc32xx.a : RingBuf.oem4 (.text:RingBuf_construct)
                  200124e2    00000012     driverlib.a : timer.obj (.text:TimerIntClear)
                  200124f4    00000012     main_nortos.obj (.text:main)
                  20012506    00000012     rtsv7M4_T_le_eabi.lib : wcslen.c.obj (.text:wcslen)
                  20012518    00000010     ti_drivers_config.obj (.text:Board_init)
                  20012528    00000010     nortos_cc32xx.a : ClockPSysTick_nortos.oem4 (.text:ClockP_add)
                  20012538    00000010                     : ClockPSysTick_nortos.oem4 (.text:ClockP_delete)
                  20012548    00000010                     : ClockPSysTick_nortos.oem4 (.text:ClockP_getCpuFreq)
                  20012558    00000010                     : ClockPSysTick_nortos.oem4 (.text:ClockP_getSystemTicks)
                  20012568    00000010                     : ClockPSysTick_nortos.oem4 (.text:ClockP_setTicks)
                  20012578    00000010                     : HwiPCC32XX_nortos.oem4 (.text:HwiP_delete)
                  20012588    00000010                     : HwiPCC32XX_nortos.oem4 (.text:HwiP_restore)
                  20012598    00000010     driverlib.a : i2c.obj (.text:I2CFIFOStatus)
                  200125a8    00000010     drivers_cc32xx.a : I2C.oem4 (.text:I2C_Params_init)
                  200125b8    00000010                      : PowerCC32XX.oem4 (.text:Power_enablePolicy)
                  200125c8    00000010     nortos_cc32xx.a : SemaphoreP_nortos.oem4 (.text:SemaphoreP_Params_init)
                  200125d8    00000010     drivers_cc32xx.a : Timer.oem4 (.text:Timer_Params_init)
                  200125e8    00000010                      : UARTCC32XX.oem4 (.text:readBlockingTimeout)
                  200125f8    0000000e     nortos_cc32xx.a : HwiPCC32XX_nortos.oem4 (.text:HwiP_clearInterrupt)
                  20012606    0000000e                     : HwiPCC32XX_nortos.oem4 (.text:HwiP_disable)
                  20012614    0000000e                     : HwiPCC32XX_nortos.oem4 (.text:HwiP_disableInterrupt)
                  20012622    0000000e                     : HwiPCC32XX_nortos.oem4 (.text:HwiP_enable)
                  20012630    0000000e                     : HwiPCC32XX_nortos.oem4 (.text:HwiP_enableInterrupt)
                  2001263e    0000000e     drivers_cc32xx.a : I2CCC32XX.oem4 (.text:I2CCC32XX_updateReg)
                  2001264c    0000000e                      : RingBuf.oem4 (.text:RingBuf_isFull)
                  2001265a    0000000e     rtsv7M4_T_le_eabi.lib : copy_decompress_none.c.obj (.text:decompress:none:__TI_decompress_none)
                  20012668    0000000c     drivers_cc32xx.a : I2CCC32XX.oem4 (.text:I2CCC32XX_postNotify)
                  20012674    0000000c                      : PowerCC32XX.oem4 (.text:Power_getConstraintMask)
                  20012680    0000000c     rtsv7M4_T_le_eabi.lib : s_copysign.c.obj (.text:copysign)
                  2001268c    0000000c                           : copy_zero_init.c.obj (.text:decompress:ZI:__TI_zero_init)
                  20012698    0000000c     drivers_cc32xx.a : TimerCC32XX.oem4 (.text:postNotifyFxn)
                  200126a4    0000000c                      : UARTCC32XX.oem4 (.text:postNotifyFxn)
                  200126b0    0000000a     nortos_cc32xx.a : ClockPSysTick_nortos.oem4 (.text:ClockP_Params_init)
                  200126ba    0000000a                     : ClockPSysTick_nortos.oem4 (.text:ClockP_isActive)
                  200126c4    0000000a     driverlib.a : interrupt.obj (.text:IntMasterDisable)
                  200126ce    0000000a     drivers_cc32xx.a : Timer.oem4 (.text:Timer_start)
                  200126d8    0000000a                      : UART.oem4 (.text:UART_write)
                  200126e2    00000008                      : I2CCC32XX.oem4 (.text:I2CCC32XX_blockingCallback)
                  200126ea    00000002     --HOLE-- [fill = 0]
                  200126ec    00000008     rtsv7M4_T_le_eabi.lib : errno.c.obj (.text:__aeabi_errno_addr)
                  200126f4    00000008                           : memory.c.obj (.text:malloc)
                  200126fc    00000008     drivers_cc32xx.a : UARTCC32XX.oem4 (.text:readSemCallback)
                  20012704    00000008                      : UARTCC32XX.oem4 (.text:writeSemCallback)
                  2001270c    00000006                      : I2CCC32XX.oem4 (.text:I2CSupport_powerRelConstraint)
                  20012712    00000006                      : I2CCC32XX.oem4 (.text:I2CSupport_powerSetConstraint)
                  20012718    00000006                      : TimerCC32XX.oem4 (.text:TimerCC32XX_control)
                  2001271e    00000006     driverlib.a : utils.obj (.text:UtilsDelay)
                  20012724    00000004     nortos_cc32xx.a : ClockPSysTick_nortos.oem4 (.text:ClockP_setTimeout)
                  20012728    00000004                     : HwiPCC32XX_nortos.oem4 (.text:HwiP_post)
                  2001272c    00000004                     : SemaphoreP_nortos.oem4 (.text:SemaphoreP_delete)
                  20012730    00000004     rtsv7M4_T_le_eabi.lib : pre_init.c.obj (.text:_system_pre_init)
                  20012734    00000004                           : exit.c.obj (.text:abort:abort)

.const     0    20012d08    0000051a     
                  20012d08    00000101     rtsv7M4_T_le_eabi.lib : ctype.c.obj (.const:.string:_ctypes_)
                  20012e09    00000003     --HOLE-- [fill = 0]
                  20012e0c    00000100     driverlib.a : pin.obj (.const:g_ulPinToPadMap)
                  20012f0c    000000a8                 : prcm.obj (.const:PRCM_PeriphRegsList)
                  20012fb4    00000044     ti_drivers_config.obj (.const:PowerCC32XX_config)
                  20012ff8    00000028     drivers_cc32xx.a : UARTCC32XX.oem4 (.const:UARTCC32XX_fxnTable)
                  20013020    00000024                      : UART.oem4 (.const:UART_defaultParams)
                  20013044    00000024     ti_drivers_config.obj (.const:uartCC32XXHWAttrs0)
                  20013068    00000021     drivers_cc32xx.a : GPIOCC32XX.oem4 (.const:.string:pinTable)
                  20013089    00000003     --HOLE-- [fill = 0]
                  2001308c    00000020                      : TimerCC32XX.oem4 (.const:TimerCC32XX_fxnTable)
                  200130ac    00000020                      : UARTCC32XX.oem4 (.const:staticFxnTable)
                  200130cc    00000018     driverlib.a : interrupt.obj (.const:g_pulEnRegs)
                  200130e4    00000018                 : interrupt.obj (.const:g_pulPendRegs)
                  200130fc    00000018     gpiointerrupt.obj (.const:sensors)
                  20013114    00000014     ti_drivers_config.obj (.const:GPIOCC32XX_config)
                  20013128    00000014     drivers_cc32xx.a : GPIOCC32XX.oem4 (.const:gpioBaseAddresses)
                  2001313c    00000014     ti_drivers_config.obj (.const:i2cCC32XXHWAttrs)
                  20013150    00000014     drivers_cc32xx.a : UARTCC32XX.oem4 (.const:parityType)
                  20013164    00000014                      : GPIOCC32XX.oem4 (.const:powerResources)
                  20013178    00000010                      : I2C.oem4 (.const:I2C_defaultParams)
                  20013188    00000010                      : I2CCC32XX.oem4 (.const:I2C_defaultParams)
                  20013198    00000010                      : UARTCC32XX.oem4 (.const:dataLength)
                  200131a8    00000010     ti_drivers_config.obj (.const:timerCC32XXHWAttrs)
                  200131b8    0000000c     gpiointerrupt.obj (.const:.string)
                  200131c4    0000000c     ti_drivers_config.obj (.const:Timer_config)
                  200131d0    0000000c     ti_drivers_config.obj (.const:UART_config)
                  200131dc    0000000c     drivers_cc32xx.a : Timer.oem4 (.const:defaultParams)
                  200131e8    00000009     ti_drivers_config.obj (.const)
                  200131f1    00000003     --HOLE-- [fill = 0]
                  200131f4    00000008     ti_drivers_config.obj (.const:I2C_config)
                  200131fc    00000008     drivers_cc32xx.a : GPIOCC32XX.oem4 (.const:outPinTypes)
                  20013204    00000008                      : UARTCC32XX.oem4 (.const:stopBits)
                  2001320c    00000006                      : GPIOCC32XX.oem4 (.const:.string:interruptType)
                  20013212    00000006                      : GPIOCC32XX.oem4 (.const:inPinTypes)
                  20013218    00000006                      : GPIOCC32XX.oem4 (.const:outPinStrengths)
                  2001321e    00000004                      : GPIOCC32XX.oem4 (.const:.string:portInterruptIds)

.cinit     0    20013628    000000f0     
                  20013628    000000cb     (.cinit..data.load) [load image, compression = lzss]
                  200136f3    00000001     --HOLE-- [fill = 0]
                  200136f4    0000000c     (__TI_handler_table)
                  20013700    00000008     (.cinit..bss.load) [load image, compression = zero_init]
                  20013708    00000010     (__TI_cinit_table)

.init_array 
*          0    20004000    00000000     UNINITIALIZED

.ramVecs   0    20000000    0000030c     NOLOAD SECTION
                  20000000    0000030c     nortos_cc32xx.a : startup_cc32xx_ccs.oem4 (.ramVecs)

.stack     0    20003000    00001000     UNINITIALIZED
                  20003000    00000004     rtsv7M4_T_le_eabi.lib : boot_cortex_m.c.obj (.stack)
                  20003004    00000ffc     --HOLE--

.resetVecs 
*          0    20004000    00000040     
                  20004000    00000040     nortos_cc32xx.a : startup_cc32xx_ccs.oem4 (.resetVecs:retain)

.sysmem    0    20004040    00008000     UNINITIALIZED
                  20004040    00000010     rtsv7M4_T_le_eabi.lib : memory.c.obj (.sysmem)
                  20004050    00007ff0     --HOLE--

.data      0    20012738    000005d0     UNINITIALIZED
                  20012738    0000030c     nortos_cc32xx.a : HwiPCC32XX_nortos.oem4 (.data:HwiP_dispatchTable)
                  20012a44    0000016c     drivers_cc32xx.a : PowerCC32XX.oem4 (.data:PowerCC32XX_module)
                  20012bb0    000000f8     ti_drivers_config.obj (.data:parkInfo)
                  20012ca8    00000010     gpiointerrupt.obj (.data)
                  20012cb8    0000000c     ti_drivers_config.obj (.data:gpioCallbackFunctions)
                  20012cc4    0000000c     ti_drivers_config.obj (.data:gpioPinConfigs)
                  20012cd0    00000009     drivers_cc32xx.a : GPIOCC32XX.oem4 (.data)
                  20012cd9    00000003     nortos_cc32xx.a : SemaphoreP_nortos.oem4 (.data)
                  20012cdc    00000008     rtsv7M4_T_le_eabi.lib : _lock.c.obj (.data:$O1$$)
                  20012ce4    00000008                           : memory.c.obj (.data:$O1$$)
                  20012cec    00000008     nortos_cc32xx.a : SemaphoreP_nortos.oem4 (.data:SemaphoreP_defaultParams)
                  20012cf4    00000008                     : HwiPCC32XX_nortos.oem4 (.data)
                  20012cfc    00000005                     : ClockPSysTick_nortos.oem4 (.data)
                  20012d01    00000001     drivers_cc32xx.a : Timer.oem4 (.data)
                  20012d02    00000001                      : UART.oem4 (.data)
                  20012d03    00000001     --HOLE--
                  20012d04    00000004     rtsv7M4_T_le_eabi.lib : errno.c.obj (.data)

.bss       0    20013228    000003fc     UNINITIALIZED
                  20013228    0000012c     (.common:PowerCC32XX_contextSave)
                  20013354    000000fc     (.common:i2cCC32XXObjects)
                  20013450    00000084     (.common:uartCC32XXObjects0)
                  200134d4    00000040     (.common:output)
                  20013514    00000034     (.common:timerCC32XXObjects)
                  20013548    00000020     drivers_cc32xx.a : GPIOCC32XX.oem4 (.bss:gpioCallbackInfo)
                  20013568    00000020     ti_drivers_config.obj (.bss:uartCC32XXRingBuffer0)
                  20013588    00000020     (.common:i2cTransaction)
                  200135a8    00000020     (.common:tasks)
                  200135c8    00000014     drivers_cc32xx.a : GPIOCC32XX.oem4 (.bss:powerNotifyObj)
                  200135dc    00000004                      : GPIOCC32XX.oem4 (.bss)
                  200135e0    00000010     (.common:ClockP_ctrl)
                  200135f0    0000000d     nortos_cc32xx.a : SwiP_nortos.oem4 (.bss)
                  200135fd    00000001     --HOLE--
                  200135fe    00000002     (.common:currentTemp)
                  20013600    00000004                     : ClockPSysTick_nortos.oem4 (.bss)
                  20013604    00000004     drivers_cc32xx.a : TimerCC32XX.oem4 (.bss:timerState)
                  20013608    00000004     (.common:heat)
                  2001360c    00000004     (.common:i2c)
                  20013610    00000004     (.common:rxBuffer)
                  20013614    00000004     (.common:setTemp)
                  20013618    00000004     (.common:timer0)
                  2001361c    00000004     (.common:txBuffer)
                  20013620    00000004     (.common:uart)

.log_data 
*          0    90000000    00000000     COPY SECTION

__llvm_prf_cnts 
*          0    20004000    00000000     UNINITIALIZED

MODULE SUMMARY

       Module                       code    ro data   rw data
       ------                       ----    -------   -------
    .\
       gpiointerrupt.obj            1856    36        174    
       main_nortos.obj              18      0         0      
    +--+----------------------------+-------+---------+---------+
       Total:                       1874    36        174    
                                                             
    .\syscfg\
       ti_drivers_config.obj        18      201       740    
    +--+----------------------------+-------+---------+---------+
       Total:                       18      201       740    
                                                             
    C:/ti/simplelink_cc32xx_sdk_4_30_00_06/kernel/nortos/lib/ccs/m4/nortos_cc32xx.a
       HwiPCC32XX_nortos.oem4       394     0         788    
       startup_cc32xx_ccs.oem4      90      64        780    
       ClockPSysTick_nortos.oem4    702     0         25     
       PowerCC32XX_nortos.oem4      472     0         0      
       SemaphoreP_nortos.oem4       408     0         11     
       SwiP_nortos.oem4             96      0         13     
    +--+----------------------------+-------+---------+---------+
       Total:                       2162    64        1617   
                                                             
    C:/ti/simplelink_cc32xx_sdk_4_30_00_06/source/ti/devices/cc32xx/driverlib/ccs/Release/driverlib.a
       prcm.obj                     1604    168       0      
       pin.obj                      280     256       0      
       interrupt.obj                334     48        0      
       i2c.obj                      318     0         0      
       timer.obj                    264     0         0      
       flash.obj                    72      0         0      
       uart.obj                     48      0         0      
       cpu.obj                      20      0         0      
       utils.obj                    6       0         0      
    +--+----------------------------+-------+---------+---------+
       Total:                       2946    472       0      
                                                             
    C:/ti/simplelink_cc32xx_sdk_4_30_00_06/source/ti/drivers/lib/ccs/m4/drivers_cc32xx.a
       UARTCC32XX.oem4              3466    116       0      
       PowerCC32XX.oem4             2432    0         664    
       I2CCC32XX.oem4               1452    16        0      
       GPIOCC32XX.oem4              1208    103       65     
       TimerCC32XX.oem4             1132    32        4      
       I2C.oem4                     366     16        0      
       UART.oem4                    166     36        1      
       RingBuf.oem4                 198     0         0      
       Timer.oem4                   158     12        1      
       PowerCC32XX_asm.oem4         150     0         0      
       List.oem4                    76      0         0      
    +--+----------------------------+-------+---------+---------+
       Total:                       10804   331       735    
                                                             
    C:\ti\ccs1110\ccs\tools\compiler\ti-cgt-arm_20.2.6.LTS\lib\rtsv7M4_T_le_eabi.lib
       _printfi.c.obj               4835    0         0      
       memory.c.obj                 672     0         8      
       fd_add_t2.asm.obj            438     0         0      
       fd_div_t2.asm.obj            310     0         0      
       fd_cmp_t2.asm.obj            268     0         0      
       ctype.c.obj                  0       257       0      
       fd_mul_t2.asm.obj            252     0         0      
       s_scalbn.c.obj               208     0         0      
       memcpy_t2.asm.obj            156     0         0      
       ull_div_t2.asm.obj           150     0         0      
       snprintf.c.obj               148     0         0      
       fs_mul_t2.asm.obj            122     0         0      
       memset_t2.asm.obj            122     0         0      
       copy_decompress_lzss.c.obj   104     0         0      
       s_frexp.c.obj                92      0         0      
       _ltoa.c.obj                  84      0         0      
       atoi.c.obj                   76      0         0      
       fd_toi_t2.asm.obj            72      0         0      
       autoinit.c.obj               68      0         0      
       fs_toi_t2.asm.obj            56      0         0      
       i_tofs_t2.asm.obj            56      0         0      
       i_tofd_t2.asm.obj            46      0         0      
       boot_cortex_m.c.obj          36      0         0      
       memccpy.c.obj                28      0         0      
       ll_mul_t2.asm.obj            24      0         0      
       strchr.c.obj                 22      0         0      
       strlen.c.obj                 20      0         0      
       wcslen.c.obj                 18      0         0      
       copy_decompress_none.c.obj   14      0         0      
       copy_zero_init.c.obj         12      0         0      
       errno.c.obj                  8       0         4      
       s_copysign.c.obj             12      0         0      
       _lock.c.obj                  2       0         8      
       exit.c.obj                   4       0         0      
       pre_init.c.obj               4       0         0      
       div0.asm.obj                 2       0         0      
    +--+----------------------------+-------+---------+---------+
       Total:                       8541    257       20     
                                                             
       Heap:                        0       0         32768  
       Stack:                       0       0         4096   
       Linker Generated:            0       239       0      
    +--+----------------------------+-------+---------+---------+
       Grand Total:                 26345   1600      40150  


LINKER GENERATED COPY TABLES

__TI_cinit_table @ 20013708 records: 2, size/record: 8, table size: 16
	.data: load addr=20013628, load size=000000cb bytes, run addr=20012738, run size=000005d0 bytes, compression=lzss
	.bss: load addr=20013700, load size=00000008 bytes, run addr=20013228, run size=000003fc bytes, compression=zero_init


LINKER GENERATED HANDLER TABLE

__TI_handler_table @ 200136f4 records: 3, size/record: 4, table size: 12
	index: 0, handler: __TI_decompress_lzss
	index: 1, handler: __TI_decompress_none
	index: 2, handler: __TI_zero_init


GLOBAL SYMBOLS: SORTED ALPHABETICALLY BY Name 

address   name                             
-------   ----                             
20012519  Board_init                       
2000ca8f  Board_initHook                   
20012735  C$$EXIT                          
200131e8  CONFIG_GPIO_BUTTON_0_CONST       
200131e9  CONFIG_GPIO_BUTTON_1_CONST       
200131ea  CONFIG_GPIO_LED_0_CONST          
200131eb  CONFIG_I2C_0_CONST               
200131ed  CONFIG_TIMER_0_CONST             
200131ef  CONFIG_UART_0_CONST              
200123f7  CPUcpsid                         
200126b1  ClockP_Params_init               
20012529  ClockP_add                       
2001172d  ClockP_construct                 
200121a1  ClockP_create                    
200135e0  ClockP_ctrl                      
20012539  ClockP_delete                    
200118ed  ClockP_destruct                  
2001101d  ClockP_doTick                    
20012549  ClockP_getCpuFreq                
20012559  ClockP_getSystemTicks            
20011bcd  ClockP_getTicksUntilInterrupt    
200126bb  ClockP_isActive                  
20012569  ClockP_setTicks                  
20012725  ClockP_setTimeout                
20011d05  ClockP_start                     
20011c01  ClockP_startup                   
200114c9  ClockP_stop                      
2001101d  ClockP_sysTickHandler            
20012cfc  ClockP_tickPeriod                
200112d5  FlashDisable                     
20013114  GPIOCC32XX_config                
2001110d  GPIO_enableInt                   
200105dd  GPIO_hwiIntFxn                   
2000f0e1  GPIO_init                        
20010b61  GPIO_setCallback                 
2000d5fd  GPIO_setConfig                   
20010c75  GPIO_write                       
200124ad  HwiP_Params_init                 
200125f9  HwiP_clearInterrupt              
2000febd  HwiP_construct                   
20011df1  HwiP_create                      
20012579  HwiP_delete                      
20012037  HwiP_destruct                    
20012607  HwiP_disable                     
20012615  HwiP_disableInterrupt            
20011fa9  HwiP_dispatch                    
20012623  HwiP_enable                      
20012631  HwiP_enableInterrupt             
2001240d  HwiP_inISR                       
20012cf4  HwiP_key                         
20012729  HwiP_post                        
20012589  HwiP_restore                     
20012cf8  HwiP_swiPIntNum                  
20011f11  I2CFIFODataGetNonBlocking        
20011e6f  I2CFIFODataPutNonBlocking        
20012599  I2CFIFOStatus                    
20012389  I2CMasterBurstLengthSet          
200121ef  I2CMasterBusBusy                 
200124bf  I2CMasterIntClearEx              
20012207  I2CMasterIntDisableEx            
2001221f  I2CMasterIntEnableEx             
200120b9  I2CMasterIntStatusEx             
20012015  I2CMasterSlaveAddrSet            
20012237  I2CRxFIFOFlush                   
20012421  I2CSupport_masterFinish          
2001270d  I2CSupport_powerRelConstraint    
20012713  I2CSupport_powerSetConstraint    
20010897  I2CSupport_primeTransfer         
2001224f  I2CTxFIFOFlush                   
200125a9  I2C_Params_init                  
20011f37  I2C_cancel                       
200131f4  I2C_config                       
200131ec  I2C_count                        
20013178  I2C_defaultParams                
2000db63  I2C_init                         
2000eb75  I2C_open                         
20012435  I2C_transfer                     
2000e5f1  I2C_transferTimeout              
UNDEFED   ITM_flush                        
UNDEFED   ITM_restore                      
2000f7f9  IntEnable                        
200126c5  IntMasterDisable                 
2000ff49  IntPendSet                       
20012449  IntVTableBaseSet                 
20011f5d  List_put                         
20011f83  List_remove                      
20012623  NoRTOS_start                     
2000ca91  PRCMCC3200MCUInit                
2001239f  PRCMHIBRegRead                   
200123b5  PRCMHIBRegWrite                  
2001131d  PRCMLPDSEnter                    
200119d9  PRCMLPDSEnterKeepDebugIf         
2001150d  PRCMLPDSRestoreInfoSet           
20011e99  PRCMPeripheralClkDisable         
20011365  PRCMPeripheralClkEnable          
20010ccd  PRCMPeripheralReset              
20010b01  PRCMSysResetCauseGet             
2000ffd1  PinConfigSet                     
20011c35  PinModeGet                       
2001176d  PinModeSet                       
20012131  PinToPadGet                      
20012fb4  PowerCC32XX_config               
2000f8a1  PowerCC32XX_configureWakeup      
20013228  PowerCC32XX_contextSave          
20011551  PowerCC32XX_enterLPDS            
20011dc5  PowerCC32XX_getParkState         
2000e4c7  PowerCC32XX_initPolicy           
20012a44  PowerCC32XX_module               
200111a5  PowerCC32XX_parkPin              
20011fcd  PowerCC32XX_reset                
20011c69  PowerCC32XX_restoreParkState     
20011d35  PowerCC32XX_restoreParkedPin     
20010f25  PowerCC32XX_resumeLPDS           
20010a39  PowerCC32XX_setParkState         
2000db65  PowerCC32XX_sleepPolicy          
2001245d  Power_disablePolicy              
200125b9  Power_enablePolicy               
20012675  Power_getConstraintMask          
20012471  Power_getDependencyCount         
20012269  Power_getTransitionLatency       
20012281  Power_idleFunc                   
200101ed  Power_init                       
20011ec1  Power_registerNotify             
200113ad  Power_releaseConstraint          
20010d25  Power_releaseDependency          
20011929  Power_setConstraint              
200102f5  Power_setDependency              
2000e259  Power_sleep                      
20012059  Power_unregisterNotify           
200124d1  RingBuf_construct                
200117ad  RingBuf_get                      
2001264d  RingBuf_isFull                   
20012079  RingBuf_peek                     
2001143d  RingBuf_put                      
200125c9  SemaphoreP_Params_init           
2001106d  SemaphoreP_construct             
200120d7  SemaphoreP_constructBinary       
200123cb  SemaphoreP_create                
200121bb  SemaphoreP_createBinary          
20012cec  SemaphoreP_defaultParams         
2001272d  SemaphoreP_delete                
2000fa8d  SemaphoreP_pend                  
20011595  SemaphoreP_post                  
2001214d  SwiP_disable                     
200115d9  SwiP_restore                     
20010375  TickFct_CheckButtons             
20010901  TickFct_SetHeat                  
200110bd  TimerCC32XX_allocateTimerResource
20011965  TimerCC32XX_close                
20012719  TimerCC32XX_control              
20011c9d  TimerCC32XX_freeTimerResource    
2001308c  TimerCC32XX_fxnTable             
20012299  TimerCC32XX_getCount             
2000e713  TimerCC32XX_init                 
2000e4c9  TimerCC32XX_open                 
20010059  TimerCC32XX_setPeriod            
20010655  TimerCC32XX_start                
20010d7d  TimerCC32XX_stop                 
20011b61  TimerControlStall                
200120f5  TimerDisable                     
20012113  TimerEnable                      
20012ca8  TimerFlag                        
200124e3  TimerIntClear                    
200122b1  TimerIntDisable                  
200122c9  TimerIntEnable                   
20011e1b  TimerLoadSet                     
20011e45  TimerPrescaleSet                 
200125d9  Timer_Params_init                
200131c4  Timer_config                     
200131ee  Timer_count                      
2001161d  Timer_init                       
200117ed  Timer_open                       
200126cf  Timer_start                      
200122e1  UARTBusy                         
2000e715  UARTCC32XX_close                 
2000ed6d  UARTCC32XX_control               
20012ff8  UARTCC32XX_fxnTable              
2000ee5f  UARTCC32XX_init                  
2000cebd  UARTCC32XX_open                  
2001182d  UARTCC32XX_read                  
20011b97  UARTCC32XX_readCancel            
2000f265  UARTCC32XX_readPolling           
2000f015  UARTCC32XX_write                 
200109d1  UARTCC32XX_writeCancel           
20010a9d  UARTCC32XX_writePolling          
200122f9  UARTIntEnable                    
20012311  UART_Params_init                 
200131d0  UART_config                      
200131f0  UART_count                       
20013020  UART_defaultParams               
20011661  UART_init                        
2001186d  UART_open                        
200126d9  UART_write                       
2001271f  UtilsDelay                       
20004000  __STACK_END                      
00001000  __STACK_SIZE                     
00008000  __SYSMEM_SIZE                    
20013708  __TI_CINIT_Base                  
20013718  __TI_CINIT_Limit                 
200136f4  __TI_Handler_Table_Base          
20013700  __TI_Handler_Table_Limit         
200116a5  __TI_auto_init_nobinit_nopinit   
20010969  __TI_decompress_lzss             
2001265b  __TI_decompress_none             
20010e29  __TI_ltoa                        
ffffffff  __TI_pprof_out_hndl              
2000c041  __TI_printfi                     
ffffffff  __TI_prof_data_size              
ffffffff  __TI_prof_data_start             
20013628  __TI_static_base__               
2001268d  __TI_zero_init                   
200100e1  __aeabi_cdcmpeq                  
200100e1  __aeabi_cdcmple                  
20010167  __aeabi_cdrcmple                 
200113f5  __aeabi_d2iz                     
2000d9b7  __aeabi_dadd                     
2000e391  __aeabi_ddiv                     
2000ec71  __aeabi_dmul                     
2000d9ad  __aeabi_dsub                     
200126ed  __aeabi_errno_addr               
20011af1  __aeabi_f2iz                     
200104e7  __aeabi_fmul                     
20011d95  __aeabi_i2d                      
20011b29  __aeabi_i2f                      
2001101b  __aeabi_idiv0                    
2001101b  __aeabi_ldiv0                    
20012371  __aeabi_lmul                     
20010561  __aeabi_memclr                   
20010561  __aeabi_memclr4                  
20010561  __aeabi_memclr8                  
2000fbc9  __aeabi_memcpy                   
2000fbc9  __aeabi_memcpy4                  
2000fbc9  __aeabi_memcpy8                  
20010563  __aeabi_memset                   
20010563  __aeabi_memset4                  
20010563  __aeabi_memset8                  
2000fd95  __aeabi_uldivmod                 
ffffffff  __binit__                        
ffffffff  __c_args__                       
UNDEFED   __mpu_init                       
20003000  __stack                          
20004000  __start___llvm_prf_cnts          
20004000  __stop___llvm_prf_cnts           
20011ff1  _c_int00_noargs                  
20012d08  _ctypes_                         
20012cdc  _lock                            
2000f0df  _nop                             
20004040  _sys_memory                      
UNDEFED   _system_post_cinit               
20012731  _system_pre_init                 
20012ce0  _unlock                          
20012735  abort                            
2000ea75  aligned_alloc                    
200111f1  atoi                             
ffffffff  binit                            
20012cb4  buttonDown                       
20012cb0  buttonUp                         
2000fe2b  clkFxn                           
20012681  copysign                         
20012681  copysignl                        
200135fe  currentTemp                      
20012d04  errno                            
2000ee61  free                             
20010bbd  frexp                            
20010bbd  frexpl                           
20012341  gpioButtonFxn0                   
20012359  gpioButtonFxn1                   
20012cb8  gpioCallbackFunctions            
20012cc4  gpioPinConfigs                   
20013608  heat                             
2001360c  i2c                              
2001313c  i2cCC32XXHWAttrs                 
20013354  i2cCC32XXObjects                 
20013588  i2cTransaction                   
20013212  inPinTypes                       
2000d3ad  initI2C                          
20010e7d  initTimer                        
200116e9  initUART                         
20011a81  initVectors                      
2000ef45  ldexp                            
2000ef45  ldexpl                           
200124f5  main                             
2000dd01  mainThread                       
200126f5  malloc                           
2000ea75  memalign                         
20012185  memccpy                          
2000fbc9  memcpy                           
20010569  memset                           
20013218  outPinStrengths                  
200131fc  outPinTypes                      
200134d4  output                           
20012bb0  parkInfo                         
2000e955  readTemp                         
200121d5  resetISR                         
200121e8  resetVectorAddr                  
20004000  resetVectors                     
20013610  rxBuffer                         
2000ef45  scalbn                           
2000ef45  scalbnl                          
20013614  setTemp                          
20011289  snprintf                         
200123e1  strchr                           
20012499  strlen                           
200135a8  tasks                            
20013618  timer0                           
200131a8  timerCC32XXHWAttrs               
20013514  timerCC32XXObjects               
2000fcfd  timerCallback                    
20012cac  timerCount                       
2001361c  txBuffer                         
20013620  uart                             
20013450  uartCC32XXObjects0               
20012507  wcslen                           


GLOBAL SYMBOLS: SORTED BY Symbol Address 

address   name                             
-------   ----                             
00001000  __STACK_SIZE                     
00008000  __SYSMEM_SIZE                    
20003000  __stack                          
20004000  __STACK_END                      
20004000  __start___llvm_prf_cnts          
20004000  __stop___llvm_prf_cnts           
20004000  resetVectors                     
20004040  _sys_memory                      
2000c041  __TI_printfi                     
2000ca8f  Board_initHook                   
2000ca91  PRCMCC3200MCUInit                
2000cebd  UARTCC32XX_open                  
2000d3ad  initI2C                          
2000d5fd  GPIO_setConfig                   
2000d9ad  __aeabi_dsub                     
2000d9b7  __aeabi_dadd                     
2000db63  I2C_init                         
2000db65  PowerCC32XX_sleepPolicy          
2000dd01  mainThread                       
2000e259  Power_sleep                      
2000e391  __aeabi_ddiv                     
2000e4c7  PowerCC32XX_initPolicy           
2000e4c9  TimerCC32XX_open                 
2000e5f1  I2C_transferTimeout              
2000e713  TimerCC32XX_init                 
2000e715  UARTCC32XX_close                 
2000e955  readTemp                         
2000ea75  aligned_alloc                    
2000ea75  memalign                         
2000eb75  I2C_open                         
2000ec71  __aeabi_dmul                     
2000ed6d  UARTCC32XX_control               
2000ee5f  UARTCC32XX_init                  
2000ee61  free                             
2000ef45  ldexp                            
2000ef45  ldexpl                           
2000ef45  scalbn                           
2000ef45  scalbnl                          
2000f015  UARTCC32XX_write                 
2000f0df  _nop                             
2000f0e1  GPIO_init                        
2000f265  UARTCC32XX_readPolling           
2000f7f9  IntEnable                        
2000f8a1  PowerCC32XX_configureWakeup      
2000fa8d  SemaphoreP_pend                  
2000fbc9  __aeabi_memcpy                   
2000fbc9  __aeabi_memcpy4                  
2000fbc9  __aeabi_memcpy8                  
2000fbc9  memcpy                           
2000fcfd  timerCallback                    
2000fd95  __aeabi_uldivmod                 
2000fe2b  clkFxn                           
2000febd  HwiP_construct                   
2000ff49  IntPendSet                       
2000ffd1  PinConfigSet                     
20010059  TimerCC32XX_setPeriod            
200100e1  __aeabi_cdcmpeq                  
200100e1  __aeabi_cdcmple                  
20010167  __aeabi_cdrcmple                 
200101ed  Power_init                       
200102f5  Power_setDependency              
20010375  TickFct_CheckButtons             
200104e7  __aeabi_fmul                     
20010561  __aeabi_memclr                   
20010561  __aeabi_memclr4                  
20010561  __aeabi_memclr8                  
20010563  __aeabi_memset                   
20010563  __aeabi_memset4                  
20010563  __aeabi_memset8                  
20010569  memset                           
200105dd  GPIO_hwiIntFxn                   
20010655  TimerCC32XX_start                
20010897  I2CSupport_primeTransfer         
20010901  TickFct_SetHeat                  
20010969  __TI_decompress_lzss             
200109d1  UARTCC32XX_writeCancel           
20010a39  PowerCC32XX_setParkState         
20010a9d  UARTCC32XX_writePolling          
20010b01  PRCMSysResetCauseGet             
20010b61  GPIO_setCallback                 
20010bbd  frexp                            
20010bbd  frexpl                           
20010c75  GPIO_write                       
20010ccd  PRCMPeripheralReset              
20010d25  Power_releaseDependency          
20010d7d  TimerCC32XX_stop                 
20010e29  __TI_ltoa                        
20010e7d  initTimer                        
20010f25  PowerCC32XX_resumeLPDS           
2001101b  __aeabi_idiv0                    
2001101b  __aeabi_ldiv0                    
2001101d  ClockP_doTick                    
2001101d  ClockP_sysTickHandler            
2001106d  SemaphoreP_construct             
200110bd  TimerCC32XX_allocateTimerResource
2001110d  GPIO_enableInt                   
200111a5  PowerCC32XX_parkPin              
200111f1  atoi                             
20011289  snprintf                         
200112d5  FlashDisable                     
2001131d  PRCMLPDSEnter                    
20011365  PRCMPeripheralClkEnable          
200113ad  Power_releaseConstraint          
200113f5  __aeabi_d2iz                     
2001143d  RingBuf_put                      
200114c9  ClockP_stop                      
2001150d  PRCMLPDSRestoreInfoSet           
20011551  PowerCC32XX_enterLPDS            
20011595  SemaphoreP_post                  
200115d9  SwiP_restore                     
2001161d  Timer_init                       
20011661  UART_init                        
200116a5  __TI_auto_init_nobinit_nopinit   
200116e9  initUART                         
2001172d  ClockP_construct                 
2001176d  PinModeSet                       
200117ad  RingBuf_get                      
200117ed  Timer_open                       
2001182d  UARTCC32XX_read                  
2001186d  UART_open                        
200118ed  ClockP_destruct                  
20011929  Power_setConstraint              
20011965  TimerCC32XX_close                
200119d9  PRCMLPDSEnterKeepDebugIf         
20011a81  initVectors                      
20011af1  __aeabi_f2iz                     
20011b29  __aeabi_i2f                      
20011b61  TimerControlStall                
20011b97  UARTCC32XX_readCancel            
20011bcd  ClockP_getTicksUntilInterrupt    
20011c01  ClockP_startup                   
20011c35  PinModeGet                       
20011c69  PowerCC32XX_restoreParkState     
20011c9d  TimerCC32XX_freeTimerResource    
20011d05  ClockP_start                     
20011d35  PowerCC32XX_restoreParkedPin     
20011d95  __aeabi_i2d                      
20011dc5  PowerCC32XX_getParkState         
20011df1  HwiP_create                      
20011e1b  TimerLoadSet                     
20011e45  TimerPrescaleSet                 
20011e6f  I2CFIFODataPutNonBlocking        
20011e99  PRCMPeripheralClkDisable         
20011ec1  Power_registerNotify             
20011f11  I2CFIFODataGetNonBlocking        
20011f37  I2C_cancel                       
20011f5d  List_put                         
20011f83  List_remove                      
20011fa9  HwiP_dispatch                    
20011fcd  PowerCC32XX_reset                
20011ff1  _c_int00_noargs                  
20012015  I2CMasterSlaveAddrSet            
20012037  HwiP_destruct                    
20012059  Power_unregisterNotify           
20012079  RingBuf_peek                     
200120b9  I2CMasterIntStatusEx             
200120d7  SemaphoreP_constructBinary       
200120f5  TimerDisable                     
20012113  TimerEnable                      
20012131  PinToPadGet                      
2001214d  SwiP_disable                     
20012185  memccpy                          
200121a1  ClockP_create                    
200121bb  SemaphoreP_createBinary          
200121d5  resetISR                         
200121e8  resetVectorAddr                  
200121ef  I2CMasterBusBusy                 
20012207  I2CMasterIntDisableEx            
2001221f  I2CMasterIntEnableEx             
20012237  I2CRxFIFOFlush                   
2001224f  I2CTxFIFOFlush                   
20012269  Power_getTransitionLatency       
20012281  Power_idleFunc                   
20012299  TimerCC32XX_getCount             
200122b1  TimerIntDisable                  
200122c9  TimerIntEnable                   
200122e1  UARTBusy                         
200122f9  UARTIntEnable                    
20012311  UART_Params_init                 
20012341  gpioButtonFxn0                   
20012359  gpioButtonFxn1                   
20012371  __aeabi_lmul                     
20012389  I2CMasterBurstLengthSet          
2001239f  PRCMHIBRegRead                   
200123b5  PRCMHIBRegWrite                  
200123cb  SemaphoreP_create                
200123e1  strchr                           
200123f7  CPUcpsid                         
2001240d  HwiP_inISR                       
20012421  I2CSupport_masterFinish          
20012435  I2C_transfer                     
20012449  IntVTableBaseSet                 
2001245d  Power_disablePolicy              
20012471  Power_getDependencyCount         
20012499  strlen                           
200124ad  HwiP_Params_init                 
200124bf  I2CMasterIntClearEx              
200124d1  RingBuf_construct                
200124e3  TimerIntClear                    
200124f5  main                             
20012507  wcslen                           
20012519  Board_init                       
20012529  ClockP_add                       
20012539  ClockP_delete                    
20012549  ClockP_getCpuFreq                
20012559  ClockP_getSystemTicks            
20012569  ClockP_setTicks                  
20012579  HwiP_delete                      
20012589  HwiP_restore                     
20012599  I2CFIFOStatus                    
200125a9  I2C_Params_init                  
200125b9  Power_enablePolicy               
200125c9  SemaphoreP_Params_init           
200125d9  Timer_Params_init                
200125f9  HwiP_clearInterrupt              
20012607  HwiP_disable                     
20012615  HwiP_disableInterrupt            
20012623  HwiP_enable                      
20012623  NoRTOS_start                     
20012631  HwiP_enableInterrupt             
2001264d  RingBuf_isFull                   
2001265b  __TI_decompress_none             
20012675  Power_getConstraintMask          
20012681  copysign                         
20012681  copysignl                        
2001268d  __TI_zero_init                   
200126b1  ClockP_Params_init               
200126bb  ClockP_isActive                  
200126c5  IntMasterDisable                 
200126cf  Timer_start                      
200126d9  UART_write                       
200126ed  __aeabi_errno_addr               
200126f5  malloc                           
2001270d  I2CSupport_powerRelConstraint    
20012713  I2CSupport_powerSetConstraint    
20012719  TimerCC32XX_control              
2001271f  UtilsDelay                       
20012725  ClockP_setTimeout                
20012729  HwiP_post                        
2001272d  SemaphoreP_delete                
20012731  _system_pre_init                 
20012735  C$$EXIT                          
20012735  abort                            
20012a44  PowerCC32XX_module               
20012bb0  parkInfo                         
20012ca8  TimerFlag                        
20012cac  timerCount                       
20012cb0  buttonUp                         
20012cb4  buttonDown                       
20012cb8  gpioCallbackFunctions            
20012cc4  gpioPinConfigs                   
20012cdc  _lock                            
20012ce0  _unlock                          
20012cec  SemaphoreP_defaultParams         
20012cf4  HwiP_key                         
20012cf8  HwiP_swiPIntNum                  
20012cfc  ClockP_tickPeriod                
20012d04  errno                            
20012d08  _ctypes_                         
20012fb4  PowerCC32XX_config               
20012ff8  UARTCC32XX_fxnTable              
20013020  UART_defaultParams               
2001308c  TimerCC32XX_fxnTable             
20013114  GPIOCC32XX_config                
2001313c  i2cCC32XXHWAttrs                 
20013178  I2C_defaultParams                
200131a8  timerCC32XXHWAttrs               
200131c4  Timer_config                     
200131d0  UART_config                      
200131e8  CONFIG_GPIO_BUTTON_0_CONST       
200131e9  CONFIG_GPIO_BUTTON_1_CONST       
200131ea  CONFIG_GPIO_LED_0_CONST          
200131eb  CONFIG_I2C_0_CONST               
200131ec  I2C_count                        
200131ed  CONFIG_TIMER_0_CONST             
200131ee  Timer_count                      
200131ef  CONFIG_UART_0_CONST              
200131f0  UART_count                       
200131f4  I2C_config                       
200131fc  outPinTypes                      
20013212  inPinTypes                       
20013218  outPinStrengths                  
20013228  PowerCC32XX_contextSave          
20013354  i2cCC32XXObjects                 
20013450  uartCC32XXObjects0               
200134d4  output                           
20013514  timerCC32XXObjects               
20013588  i2cTransaction                   
200135a8  tasks                            
200135e0  ClockP_ctrl                      
200135fe  currentTemp                      
20013608  heat                             
2001360c  i2c                              
20013610  rxBuffer                         
20013614  setTemp                          
20013618  timer0                           
2001361c  txBuffer                         
20013620  uart                             
20013628  __TI_static_base__               
200136f4  __TI_Handler_Table_Base          
20013700  __TI_Handler_Table_Limit         
20013708  __TI_CINIT_Base                  
20013718  __TI_CINIT_Limit                 
ffffffff  __TI_pprof_out_hndl              
ffffffff  __TI_prof_data_size              
ffffffff  __TI_prof_data_start             
ffffffff  __binit__                        
ffffffff  __c_args__                       
ffffffff  binit                            
UNDEFED   ITM_flush                        
UNDEFED   ITM_restore                      
UNDEFED   __mpu_init                       
UNDEFED   _system_post_cinit               

[313 symbols]
